border_size=1
usage=map

Xu          , Xu          , Xu          , Xu          , Xu          , Xu          , Xu          , Xu          , Xu          , Xu          , Xu          , Xu          , Xu          , Xu          , Xu          , Xu          , Xu          , Xu          , Xu          , Xu          , Xu          , Xu          , Xu          , Xu          , Xu          , Xu          , Xu          , Xu          , Xu          , Xu          , Xu          , Xu          , Xu          , Xu          , Xu          , Xu          , Xu          , Xu          , Xu          , Xu          , Xu          , Xu          , Xu          , Xu          , Xu          , Xu          
Xu          , Xu          , Ur          , Uu          , Uu          , Xu          , Xu          , Xu          , Ur          , Ur          , Ur          , Xu          , Xu          , Xu          , Xu          , Xu          , Urb         , Xu          , Urb         , Xu          , Urb         , Xu          , Xu          , Xu          , Xu          , Xu          , Xu          , Xu          , Xu          , Xu          , Urb         , Xu          , Urb         , Xu          , Urb         , Xu          , Uue         , Xu          , Xu          , Xu          , Xu          , Xu          , Xu          , Xu          , Xu          , Xu          
Xu          , Uu          , Ur          , Ur          , Ur          , Xu          , Xu          , Xu          , Uu^Uf       , Ur          , Ur          , Xu          , Xu          , Xu          , Urb         , Urb         , Urb         , Urb         , Urb         , Urb         , Urb         , Urb         , Urb         , Urb         , Urb         , Xu          , Xu          , Xu          , Xu          , Urb         , Urb         , Urb         , Xu          , Urb         , Urb         , Ww          , Qxu         , Ww          , Urb         , Xu          , Xu          , Xu          , Xu          , Xu          , Xu          , Xu          
Xu          , Ur          , Ur          , Ur          , Ur          , Uu          , Xu          , Uu^Uf       , Uu^Uf       , Uu^Emf      , Ur          , Uu          , Uu^Emf      , Uu^Emf      , Uu          , Xu          , Urb         , Urb         , Urb         , Urb         , Urb         , Urb         , Urb         , Urb         , Ww          , Xu          , Xu          , Xu          , Urb         , Urb         , Xu          , Urb         , Urb         , Urb         , Wwf         , Wwf         , Wwf         , Uue         , Xu          , Urb         , Urb         , Urb         , Xu          , Xu          , Xu          , Xu          
Xu          , Xu          , Xu          , Xu          , Xu          , Ur          , Xu          , Xu          , Uu^Uf       , Uu^Emf      , Ur          , Uu          , Ur          , Ur          , Xu          , Xu          , Xu          , Urb         , Urb         , Urb         , Urb         , Urb         , Urb         , Ww          , Urb         , Ww          , Ww          , Urb         , Wwf         , Urb         , Xu          , Xu          , Ww          , Ww          , Wwf         , Wwf         , Urb         , Xu          , Xu          , Xu          , Urb         , Xu          , Xu          , Xu          , Xu          , Xu          
Xu          , Xu          , Uu^Emf      , Uu^Uf       , Ur          , Ur          , Xu          , Xu          , Uu^Emf      , Xu          , Ur          , Ur          , Ur          , Uu^Emf      , Xu          , Xu          , Urb         , Urb         , Ww          , Urb         , Ww          , Xu          , Ww          , Ww          , Urb         , Urb         , Urb         , Ww          , Xu          , Xu          , Ww          , Ww          , Ww          , Urb         , Urb         , Wwf         , Xu          , Xu          , Urb         , Urb         , Xu          , Xu          , Xu          , Xu          , Xu          , Xu          
Xu          , Xu          , Uu^Uf       , Uu^Uf       , Ur          , Xu          , Uu          , Uu^Uf       , Ur          , Ur          , Ur          , Ur          , Ur          , Ur          , Xu          , Xu          , Urb         , Ww          , Xu          , Ww          , Urb         , Wwf         , Urb         , Ww          , Xu          , Urb         , Urb         , Urb         , Ww          , Xu          , Urb         , Urb         , Urb         , Ww          , Urb         , Xu          , Xu          , Urb         , Urb         , Xu          , Xu          , Xu          , Urb         , Xu          , Xu          , Xu          
Xu          , Uu^Emf      , Uu^Emf      , Uu          , Uu          , Ur          , Ur          , Ur          , Ur          , Ur          , Ur          , Ur          , Ur          , Uu          , Xu          , Xu          , Wwf         , Wwf         , Xu          , Xu          , Urb         , Urb         , Urb         , Ww          , Xu          , Xu          , Ww          , Ww          , Urb         , Wwf         , Urb         , Urb         , Urb         , Ww          , Wwf         , Xu          , Xu          , Urb         , Xu          , Xu          , Urb         , Urb         , Urb         , Xu          , Xu          , Xu          
Xu          , Xu          , Uu^Uf       , Uu^Emf      , Uu          , Ur          , Uu          , Ur          , Uu^Emf      , Uu          , Uu          , Uu          , Uu^Uf       , Uu^Emf      , Xu          , Urb         , Urb         , Wwf         , Urb         , Urb         , Urb         , Urb         , Wwf         , Wwf         , Urb         , Ww          , Ww          , Ww          , Urb         , Wwf         , Wwt         , Urb         , Urb         , Xu          , Urb         , Wwf         , Xu          , Urb         , Urb         , Urb         , Xu          , Urb         , Urb         , Urb         , Xu          , Xu          
Xu          , Xu          , Xu          , Xu          , Xu          , Ur          , Xu          , Uu^Uf       , Uu^Emf      , Uu^Emf      , Xu          , Xu          , Xu          , Xu          , Xu          , Urb         , Ww          , Wwf         , Ww          , Urb         , Xu          , Xu          , Urb         , Urb         , Urb         , Urb         , Ww          , Urb         , Urb         , Xu          , Wwt         , Urb         , Urb         , Urb         , Urb         , Ww          , Xu          , Xu          , Xu          , Xu          , Xu          , Urb         , Urb         , Xu          , Xu          , Xu          
Xu          , Xu          , Uu^Emf      , Xu          , Xu          , Ur          , Xu          , Xu          , Xu          , Xu          , Urb         , Xu          , Urb         , Xu          , Xu          , Ww          , Ww          , Urb         , Urb         , Ww          , Wwf         , Qxu         , Urb         , Urb         , Urb         , Ww          , Ww          , Urb         , Urb         , Urb         , Wwf         , Wwf         , Ww          , Ww          , Xu          , Xu          , Urb         , Urb         , Urb         , Xu          , Xu          , Xu          , Urb         , Urb         , Xu          , Xu          
Xu          , Uh          , Urb         , Urb         , Uu          , Ur          , Xu          , Xu          , Uu^Emf      , Uu          , Wwf         , Qxu         , Urb         , Qxu         , Urb         , Xu          , Qxu         , Urb         , Xu          , Urb         , Wwf         , Urb         , Urb         , Urb         , Urb         , Urb         , Xu          , Urb         , Urb         , Ww          , Urb         , Urb         , Urb         , Urb         , Xu          , Urb         , Xu          , Xu          , Urb         , Xu          , Urb         , Urb         , Xu          , Xu          , Xu          , Xu          
Xu          , Uu^Emf      , Xu          , Uu          , Ur          , Xu          , Uu          , Uu^Emf      , Wo          , Wo          , Xu          , Wwf         , Wo          , Wo          , Wwf         , Xu          , Xu          , Xu          , Xu          , Xu          , Wwf         , Urb         , Urb         , Urb         , Urb         , Urb         , Xu          , Xu          , Urb         , Ww          , Urb         , Urb         , Urb         , Xu          , Urb         , Urb         , Xu          , Xu          , Urb         , Urb         , Xu          , Xu          , Urb         , Xu          , Xu          , Xu          
Xu          , Xu          , Uh          , Uu          , Urb         , Uh          , Wo          , Xu          , Xu          , Wo          , Wo          , Xu          , Xu          , Xu          , Wo          , Urb         , Wo          , Xu          , Urb         , Xu          , Xu          , Wwf         , Xu          , Urb         , Xu          , Ww          , Wwf         , Urb         , Wwf         , Wwf         , Urb         , Urb         , Urb         , Xu          , Urb         , Urb         , Xu          , Xu          , Urb         , Urb         , Urb         , Urb         , Urb         , Urb         , Xu          , Xu          
Qxu         , Xu          , Qxu         , Uu          , Wo          , Ww^Bw\      , Wo          , Wo          , Wo          , Wo          , Qxu         , Wo          , Xu          , Xu          , Qxu         , Wo          , Wwf         , Wo          , Urb         , Wwt         , Qxu         , Xu          , Xu          , Xu          , Wwf         , Xu          , Urb         , Wwf         , Wwf         , Urb         , Urb         , Urb         , Urb         , Xu          , Xu          , Urb         , Urb         , Xu          , Xu          , Xu          , Xu          , Urb         , Urb         , Urb         , Xu          , Xu          
Qxu         , Qxu         , Qxu         , Xu          , Wwf         , Wo          , Wo          , Xu          , Xu          , Qxu         , Xu          , Qxu         , Qxu         , Qxu         , Xu          , Qxu         , Wwf         , Wo          , Wo          , Qxu         , Wwf         , Wwf         , Wwf         , Qxu         , Qxu         , Xu          , Xu          , Urb         , Xu          , Urb         , Xu          , Xu          , Xu          , Xu          , Xu          , Ww          , Ww          , Urb         , Xu          , Xu          , Xu          , Xu          , Xu          , Xu          , Xu          , Xu          
Xu          , Qxu         , Qxu         , Qxu         , Qxu         , Qxu         , Qxu         , Xu          , Qxu         , Qxu         , Qxu         , Qxu         , Xu          , Xu          , Xu          , Qxu         , Qxu         , Urb         , Wo          , Wwf         , Wwf         , Wwf         , Wo          , Wo          , Wo          , Xu          , Xu          , Xu          , Xu          , Urb         , Urb         , Xu          , Urb         , Urb         , Xu          , Xu          , Ww          , Urb         , Wo          , Urb         , Xu          , Xu          , Xu          , Xu          , Urb         , Xu          
Xu          , Urb^Emf     , Wo          , Urb         , Uu          , Qxu         , Urb         , Qxu         , Urb         , Qxu         , Xu          , Urb         , Wo          , Wo          , Wwf         , Wwf         , Wwf         , Urb         , Wo          , Wwf         , Wwf         , Xu          , Wo          , Wo          , Urb         , Wo          , Wo          , Wo          , Xu          , Xu          , Xu          , Urb         , Urb         , Wwf         , Xu          , Xu          , Wwf         , Wwf         , Wo          , Urb         , Urb         , Xu          , Xu          , Xu          , Urb         , Xu          
Wo          , Uu          , Wo          , Wot^Bsb|    , Wo          , Xu          , Xu          , Uu          , Wo          , Urb         , Urb         , Wwf         , Wo          , Wo          , Wo          , Wo          , Wwf         , Wwf         , Wo          , Wo          , Wo          , Wo          , Wwf         , Urb         , Urb         , Wwf         , Wo          , Wo          , Wo          , Xu          , Xu          , Urb         , Wwf         , Urb         , Xu          , Wwf         , Xu          , Wwf         , Wwf         , Wwf         , Xu          , Urb         , Urb         , Urb         , Xu          , Xu          
Wo          , Wo          , Wo          , Wot^Bsb|    , Wo          , Wwf         , Wwf         , Urb         , Wo          , Wo          , Wo          , Wwf         , Wwf         , Wo          , Wwf         , Wo          , Wo          , Wo          , Xu          , Wo          , Wo          , Wo          , Urb         , Wo          , Wo          , Wwf         , Urb         , Wwf         , Urb         , Xu          , Xu          , Xu          , Xu          , Xu          , Xu          , Qxu         , Xu          , Xu          , Qxu         , Wo          , Xu          , Xu          , Xu          , Wo          , Xu          , Xu          
Wwf         , Xu          , Wwf         , Wot^Bsb|    , Wwf         , Wo          , Xu          , Wo          , Xu          , Xu          , Wo          , Wwf         , Wo          , Wo          , Wo          , Wo          , Wwf         , Xu          , Wwf         , Urb         , Urb         , Wwf         , Wo          , Wo          , Wwf         , Wo          , Wo          , Xu          , Wwf         , Urb         , Wwf         , Urb         , Xu          , Xu          , Wo          , Xu          , Xu          , Xu          , Xu          , Qxu         , Xu          , Xu          , Xu          , Xu          , Xu          , Qxu         
Wot         , Wwf         , Wwf         , Wot^Bsb|    , Wwf         , Xu          , Xu          , Wo          , Wo          , Wwf         , Wwf         , Xu          , Wo          , Xu          , Xu          , Xu          , Xu          , Wwf         , Urb         , Wo          , Xu          , Xu          , Xu          , Xu          , Urb         , Uu          , Wwf         , Xu          , Wo          , Wwf         , Urb         , Xu          , Wo          , Wo          , Wwf         , Wwf         , Wwf         , Wwf         , Wwf         , Xu          , Urb         , Wwf         , Urb         , Wwf         , Wwf         , Wwf         
Xu          , Xu          , Wo          , Wot^Bsb|    , Wo          , Wwf         , Wwf         , Wo          , Xu          , Xu          , Wwf         , Wo          , Wwf         , Xu          , Urb         , Urb         , Urb         , Xu          , Xu          , Wwf         , Wwf         , Xu          , Urb         , Xu          , Xu          , Wo          , Urb         , Wo          , Wo          , Wo          , Wwf         , Wwf         , Urb         , Wo          , Wwf         , Wwf         , Urb         , Urb         , Wwf         , Urb         , Xu          , Wwf         , Wwf         , Wwf         , Wwf         , Wwf         
Xu          , Xu          , Wo          , Wot^Bsb|    , Wo          , Wo          , Wo          , Wo          , Xu          , Xu          , Wo          , Wo          , Xu          , Xu          , Urb         , Urb         , Urb         , Xu          , Urb         , Urb         , Urb         , Xu          , Urb         , Urb         , Xu          , Wwf         , Wo          , Urb         , Wwf         , Wwf         , Urb         , Uu          , Wwf         , Uu          , Urb         , Wwf         , Uu          , Urb         , Wwf         , Wwf         , Xu          , Uu          , Wwf         , Urb         , Wwf         , Wo          
Xu          , Xu          , Urb         , Wot^Bsb|    , Urb         , Xu          , Urb         , Wo          , Wwf         , Wo          , Wo          , Xu          , Wo          , Xu          , Wo^Bw/      , Urb         , Xu          , Urb         , Xu          , Xu          , Xu          , Xu          , Urb         , Urb         , Xu          , Xu          , Wo          , Wwf         , Urb         , Wo          , Wo          , Wo          , Wo          , Urb         , Urb         , Uu          , Uu          , Wwf         , Xu          , Xu          , Xu          , Wwf         , Wwf         , Urb         , Wwf         , Wo          
Xu          , Xu          , Xu          , Urb         , Urb         , Urb         , Urb         , Wo          , Wo          , Wwf         , Wo          , Wo          , Wo          , Wo          , Xu          , Xu          , Xu          , Xu          , Urb         , Urb         , Urb         , Urb         , Xu          , Xu          , Xu          , Urb         , Uu          , Uu          , Urb         , Wwf         , Wwf         , Wo          , Xu          , Wwf         , Wwf         , Wwf         , Urb         , Wwf         , Wwf         , Xu          , Wwf         , Wwf         , Urb         , Wwf         , Wwf         , Wwf         
Xu          , Xu          , Xu          , Wwf         , Xu          , Urb         , Urb         , Xu          , Xu          , Wwf         , Urb         , Xu          , Xu          , Wo          , Xu          , Xu          , Urb         , Xu          , Urb         , Urb         , Urb         , Xu          , Wwf         , Xu          , Wo          , Wwf         , Urb         , Wo          , Wo          , Wo          , Uu          , Xu          , Xu          , Uu          , Wwf         , Wwf         , Xu          , Wwf         , Xu          , Urb         , Xu          , Urb         , Wwf         , Wwf         , Wwf         , Wwf         
Xu          , Xu          , Wwf         , Urb         , Xu          , Xu          , Urb         , Xu          , Urb         , Urb         , Urb         , Xu          , Urb         , Xu          , Xu          , Xu          , Urb         , Urb         , Xu          , Urb         , Urb         , Xu          , Xu          , Wwf         , Xu          , Wo          , Urb         , Urb         , Urb         , Wo          , Wwf         , Uu          , Wwf         , Wwf         , Urb         , Wwf         , Xu          , Xu          , Xu          , Xu          , Xu          , Xu          , Xu          , Wo          , Wo          , Wwf         
Xu          , Xu          , Xu          , Wwf         , Urb         , Wwf         , Urb         , Urb^Doo     , Urb         , Wwf         , Wwf         , Urb         , Urb^Doo     , Urb         , Urb         , Urb         , Urb         , Xu          , Xu          , Urb^Doo     , Urb         , Xu          , Xu          , Wwf         , Wwf         , Wo          , Wo          , Wwf         , Urb         , Wo          , Wo          , Wwf         , Wwf         , Wwf         , Urb         , Xu          , Xu          , Xu          , Urb         , Xu          , Xu          , Xu          , Xu          , Wo          , Wwf         , Wo          
Xu          , Xu          , Xu          , Xu          , Wwf         , Urb         , Urb         , Urb         , Xu          , Wo          , Xu          , Urb^Doo     , Urb         , Urb         , Xu          , Xu          , Xu          , Urb         , Urb         , Urb         , Urb         , Xu          , Urb         , Urb         , Urb         , Wo          , Wo          , Wwf         , Urb         , Urb         , Urb         , Wo          , Wo          , Xu          , Xu          , Xu          , Qxu^Bs/     , Qxu^Bs/     , Xu          , Xu          , Urb         , Xu          , Xu          , Wo          , Wo          , Wo          
Xu          , Xu          , Xu          , Xu          , Xu          , Xu          , Urb         , Xu          , Xu          , Xu          , Xu          , Xu          , Xu          , Xu          , Xu          , Xu          , Urb         , Xu          , Xu          , Xu          , Xu          , Urb         , Xu          , Urb         , Xu          , Urb         , Wo          , Wwf         , Wo          , Xu          , Urb         , Urb         , Urb         , Xu          , Urb         , Urb         , Xu          , Xu          , Qxu^Bs/     , Qxu^Bs/     , Xu          , Xu          , Urb         , Xu          , Wo          , Wo          
Xu          , Xu          , Xuc         , Xu          , Xu          , Xu          , Xu          , Urb         , Xu          , Xu          , Xu          , Xu          , Xu          , Xu          , Xu          , Xu          , Xu          , Urb         , Urb         , Urb         , Urb         , Xu          , Urb         , Xu          , Xu          , Urb         , Wo          , Wo          , Wwf         , Wwf         , Xu          , Xu          , Urb         , Urb         , Urb         , Urb         , Urb         , Urb         , Xu          , Xu          , Qxu^Bs/     , Qxu^Bs/     , Xu          , Xu          , Xu          , Wo          
Xu          , Xu          , Xu          , Xu          , Xu          , Xu          , Xu          , Ww          , Ww          , 2 Urb       , Ww          , Urb         , Xu          , Xu          , Xu          , Urb         , Xu          , Xu          , Xu          , Wwf         , Qxu         , Urb         , Xu          , Urb         , Xu          , Xu          , Urb         , Xu          , Xu          , Wo          , Xu          , Urb         , Urb         , Urb         , Urb         , Urb         , Urb         , Urb         , Urb         , Urb         , Xu          , Xu          , Xu          , Xu          , Wo          , Wo          
Xu          , Xu          , Xu          , Xu          , Ww          , Xu          , Xu          , Wwf         , Xu          , Urb         , Urb         , Uh          , Urb         , Xu          , Xu          , Urb         , Urb         , Urb         , Xu          , Qxu         , Urb         , Xu          , Urb         , Urb         , Wwf         , Urb         , Urb         , Urb         , Urb         , Wo          , Xu          , Xu          , Xu          , Urb         , Urb         , Urb         , Urb         , Urb         , Xu          , Urb         , Xu          , Wwf         , Xu          , Xu          , Wo          , Wo          
Xu          , Xu          , Xu          , Urb         , Xu          , Xu          , Wwf         , Urb         , Ww          , Ww          , Xu          , Xu          , Xu          , Urb         , Xu          , Xu          , Urb         , Xu          , Xu          , Xu          , Urb         , Urb         , Urb         , Xu          , Wwf         , Wwf         , Urb         , Xu          , Xu          , Urb         , Urb         , Urb         , Wwf         , Xu          , Xu          , Urb         , Urb         , Xu          , Urb         , Xu          , Wo          , Wo          , Wwf         , Wo          , Wo          , Wo          
Xu          , Xu          , Urb         , Wwf         , Ww          , Urb         , Xu          , Xu          , Xu          , Xu          , Xuc         , Xu          , Xu          , Ww          , Urb         , Xu          , Xu          , Urb         , Xu          , Xu          , Wwf         , Wwf         , Xu          , Urb         , Urb         , Xu          , Urb         , Xu          , Urb         , Urb         , Xu          , Urb         , Uu^Uf       , Xu          , Xu          , Urb         , Xu          , Wwf         , Xu          , Xu          , Xu          , Wo          , Xu          , Xu          , Wwf         , Wo          
Xu          , Xu          , Wwf         , Xu          , Xu          , Xu          , Xu          , Ww          , Xu          , Xu          , Urb         , Xu          , Urb         , Xu          , Xu          , 1 Urb       , Xu          , Urb         , Qxu         , Qxu         , Xu          , Wwf         , Xu          , Xu          , Urb         , Urb         , Urb^Doo     , Urb         , Urb         , Xu          , Wwf         , Xu          , Uu^Uf       , Urb         , Xu          , Urb         , Urb         , Xu          , Urb         , Wwf         , Xu          , Wwf         , Wwf         , Xu          , Wwf         , Wwf         
Xu          , Xu          , Urb         , Xu          , Urb         , Urb^Doo     , Xu          , Ww          , Wwf         , Urb         , Xu          , Urb         , Xu          , Urb         , Urb         , Xu          , Urb         , Wwf         , Xu          , Xu          , Xu          , Xu          , Xu          , Xu          , Qxu         , Urb         , Xu          , Xu          , Xu          , Urb         , Xu          , Urb         , Xu          , Xu          , Qxu         , Urb         , Xu          , Urb         , Xu          , Urb         , Xu          , Xu          , Xu          , Wwf         , Xu          , Wo          
Xu          , Xu          , Uu^Uf       , Urb         , Ww          , Urb         , Qxu         , Urb         , Xu          , Ww          , Wwf         , Xu          , Xu          , Urb         , Xu          , Urb         , Xu          , Urb         , Xu          , Xu          , Xu          , Uu          , Wwf         , Qxu         , Urb         , Xu          , Urb         , Xu          , Wwf         , Urb         , Xu          , Urb         , Urb         , Qxu         , Qxu         , Xu          , Urb         , Urb         , Xu          , Urb         , Urb^Emf     , Xu          , Urb         , Xu          , Xu          , Xu          
Xu          , Xu          , Urb         , Ww          , Wwf         , Urb         , Xu          , Qxu         , Qxu         , Urb         , Uu^Emf      , Uh          , Xu          , Urb         , Urb         , Xu          , Urb         , Urb         , Xu          , Xu          , Xu          , Urb         , Xu          , Urb         , Wwf         , Wwf         , Ww          , Wwf         , Urb         , Xu          , Xu          , Xu          , Xu          , Urb         , Urb         , Qxu         , Urb         , Qxu         , Urb         , Urb^Emf     , Xu          , Urb^Emf     , Xu          , Urb         , Urb^Emf     , Xu          
Xu          , Xu          , Urb         , Xu          , Xu          , Urb         , Xu          , Xu          , Qxu         , Uu          , Xu          , Xu          , Urb         , Xu          , Urb         , Xu          , Urb         , Xu          , Xu          , Wwf         , Ww          , Wwf         , Xu          , Xu          , Qxu         , Qxu         , Ww          , Ww          , Ww          , Wwf         , Wwf         , Urb^Emf     , Urb         , Xu          , Xu          , Urb         , Xu          , Qxu         , Urb         , Urb         , Wwf         , Xu          , Xu          , Wwf         , Qxu         , Qxu         
Xu          , Wwf         , Xu          , Xu          , Xu          , Urb         , Urb         , Urb         , Urb         , Ww          , Xu          , Xu          , Urb^Doo     , Urb         , Urb         , Xu          , Xu          , Qxu         , Xu          , Qxu         , Wwf         , Uu          , Uu          , Ww          , Wwf         , Qxu         , Wwf         , Wwf         , Wwf         , Wwf         , Urb         , Xu          , Urb^Emf     , Xu          , Qxu         , Xu          , Urb         , Urb         , Urb         , Qxu         , Qxu         , Urb         , Urb         , Qxu         , Qxu         , Qxu         
Xu          , Qxu         , Ur          , Xu          , Xu          , Xu          , Urb         , Ww          , Xu          , Xu          , Xu          , Xu          , Xu          , Urb         , Urb         , Xu          , Xu          , Xu          , Xu          , Xu          , Urb         , Urb         , Wwf         , Wwf         , Xu          , Xu          , Xu          , Xu          , Xu          , Wwf         , Xu          , Wwf         , Urb^Emf     , Qxu         , Wwf         , Urb         , Urb         , Wwf         , Xu          , Xu          , Xu          , Xu          , Qxu         , Urb         , Urb         , Xu          
Xu          , Qxu         , Urb         , Qxu         , Wwf         , Xu          , Qxu         , Qxu         , Qxu         , Xu          , Qxu         , Xu          , Qxu         , Xu          , Urb         , Xu          , Qxu         , Qxu         , Urb         , Wwf         , Ww          , Qxu         , Wwf         , Xu          , Qxu         , Xu          , Uu^Doo      , Xu          , Wwf         , Wwf         , Wwf         , Xu          , Xu          , Xu          , Urb         , Urb         , Urb         , Urb         , Urb         , Urb         , Urb         , Xu          , Xu          , Qxu         , Urb         , Xu          
Xu          , Urb         , Urb         , Urb         , Xu          , Urb         , Urb         , Qxu         , Urb         , Qxu         , Xu          , Qxu         , Urb         , Qxu^Bs/     , Qxu         , Qxu^Bs\     , Urb         , Qxu^Bs/     , Qxu         , Xu          , Wwf         , Ww          , Wwf         , Urb         , Ww          , Wwf         , Wwf         , Ww          , Wwf         , Wwf         , Urb         , Xu          , Xu          , Xu          , Urb         , Urb         , Wwf         , Urb         , Xu          , Urb         , Urb         , Urb         , Xu          , Xu          , Xu          , Xu          
Xu          , Urb         , Urb         , Urb         , Xu          , Xu          , Wwf         , Urb         , Urb         , Urb         , Urb         , Urb         , Wwf         , Qxu         , Qxu         , Qxu         , Qxu         , Qxu         , Qxu         , Xu          , Xu          , Wwf         , Ww          , Xu          , Qxu         , Qxu         , Xu          , Wwf         , Xu          , Uu          , Xu          , Urb         , Urb         , Urb         , Xu          , Wwf         , Xu          , Urb         , Xu          , Urb         , Urb         , Urb         , Xu          , Xu          , Xu          , Xu          
Urb         , Xu          , Xu          , Xu          , Xu          , Xu          , Xu          , Xu          , Xu          , Xu          , Xu          , Xu          , Xu          , Xu          , Xu          , Xu          , Xu          , Xu          , Xu          , Xu          , Xu          , Xu          , Xu          , Xu          , Xu          , Xu          , Xu          , Xu          , Xu          , Xu          , Xu          , Xu          , Xu          , Xu          , Xu          , Xu          , Xu          , Xu          , Xu          , Xu          , Xu          , Xu          , Xu          , Xu          , Xu          , Xu          
