border_size=1
usage=map

Xu          , Xu          , Xu          , Xu          , Xu          , Xu          , Xos         , Xu          , Xu          , Xu          , Xu          , Xu          , Xos         , Xv          , Xos         , Xv          , Xos         , Xu          , Xu          , Xu          , Xu          , Xu          , Xu          , Xu          , Xu          , Xu          , Xu          , Xu          , Xu          , Xu          , Xu          , Xu          , Xu          , Xu          , Xu          , Xu          , Xu          , Xu          , Xu          , Xu          , Xu          , Xu          , Xu          , Xu          , Xu          , Xu          , Xu          , Xu          , Xu          , Xu          , Xu          , Xu          , Xu          , Xu          , Xu          , Xu          , Xu          , Xu          , Xu          , Xu          , Xu          , Xu          , Xu          , Xu          , Xu          , Xu          , Xu          , Xu          , Xu          , Xu
Xu          , Xu          , Xu          , Xu          , Xos^Efs         , Xos^Efs         , Urb         , Xos         , Xu          , Xu          , Xos         , Xos         , Urb         , Xos         , Urb         , Xos         , Urb         , Xos         , Xos^Efs         , Xu          , Xu          , Xu          , Xu          , Xu          , Xu          , Xu          , Xu          , Xu          , Xu          , Xu          , Xu          , Xu          , Xu          , Xu          , Xu          , Xu          , Xu          , Xu          , Xu          , Xu          , Xu          , Xu          , Xu          , Xu          , Xu          , Xu          , Xu          , Xu          , Xu          , Xu          , Xu          , Xu          , Xu          , Xu          , Xu          , Xu          , Xu          , Xu          , Xu          , Xu          , Uu          , Xu          , Uu^Uf       , Urb         , Wwf         , Xu          , Qxu         , Xu          , Xu          , Xu
Xu          , Xu          , Xu          , Xu          , Xos^Efs         , Urb         , Urb         , Xos         , Xu          , Xu          , Xu          , Xos         , Urb         , Urb         , Urb         , Urb         , Urb         , Urb         , Urb         , Xos^Efs         , Xos         , Xu          , Xu          , Xu          , Xu          , Xu          , Xu          , Xu          , Xu          , Xu          , Xu          , Xu          , Xu          , Xu          , Xu          , Xu          , Xu          , Xu          , Xu          , Xu          , Xu          , Xu          , Xu          , Xu          , Xu          , Xu          , Xu          , Xu          , Xu          , Xu          , Xu          , Xu          , Xu          , Xu          , Xu          , Xu          , Xu          , Xu          , Xu          , Urb         , Qxu         , Qxu         , Uu          , Uu^Em       , Urb         , Qxu         , Rb          , Qxu         , Xu          , Xu
Xu          , Xu          , Xu          , Xos^Efs         , Urb         , Urb         , Urb         , Xos^Efs         , Xos^Efs         , Xu          , Xu          , Xos         , Xos         , Urb         , Urb         , Xos^Efs         , Xos^Efs         , Urb         , Urb         , Urb         , Xos         , Xu          , Xu          , Xu          , Xu          , Xu          , Xu          , Xu          , Xu          , Xu          , Xu          , Xu          , Xu          , Xu          , Xu          , Xu          , Xu          , Xu          , Xu          , Xu          , Xu          , Xu          , Xu          , Xu          , Xu          , Xu          , Xu          , Xu          , Xu          , Xu          , Xu          , Xu          , Xu          , Xu          , Xu          , Xu          , Xu          , Xu          , Qxu         , Uh          , Rb          , Qxu         , Urb         , Uu          , Urb         , Rb          , Urb         , Uu          , Xu          , Xu
Xu          , Xu          , Xos^Efs         , Xos^Efs         , Urb         , Urb         , Xos         , Urb^Xo      , Urb         , Xos^Efs         , Xos^Efs         , Xu          , Xos         , Urb         , Urb         , Urb         , Xos^Efs         , Urb         , Urb         , Urb         , Xos         , Xu          , Xu          , Xu          , Xu          , Xu          , Xu          , Xu          , Xu          , Xu          , Xu          , Xu          , Xu          , Xu          , Xu          , Xu          , Xu          , Xu          , Xu          , Xu          , Xu          , Xu          , Xu          , Xu          , Wo          , Xu          , Wo          , Wwf         , Wo          , Xu          , Xu          , Xu          , Xu          , Xu          , Xu          , Xu          , Xu          , Xu          , Xu          , Rb          , Uu^Em       , Rb^Em       , Uu          , Rb          , Qxu         , Uu^Em       , Uh          , Uh          , Xu          , Xu
Xu          , Xos         , Urb         , Urb         , Urb         , Urb         , Xos^Efs         , Xos^Efs         , Urb         , Urb         , Xos         , Xu          , Xos         , Urb         , Xos^Efs         , Xos^Efs         , Urb         , Urb         , Urb         , Xos         , Xu          , Xu          , Xu          , Xu          , Xu          , Xu          , Xu          , Xu          , Xu          , Xu          , Xu          , Xu          , Xu          , Xu          , Xu          , Xu          , Xu          , Xu          , Xu          , Xu          , Xu          , Xu          , Xu          , Xu          , Wo          , Wo          , Wwf         , Wo          , Wo          , Wo          , Urb         , Urb         , Urb         , Xu          , Xu          , Xu          , Xu          , Xu          , Qxu         , Qxu         , Wwf         , Uu          , Uu^Emf      , Qxu         , Qxu         , Wwf         , Rb          , Uh          , Xu          , Xu
Xos         , Xos         , Urb         , Urb         , Urb         , Xos^Efs         , Xos^Efs         , Urb         , Urb         , Urb         , Xos         , Xos         , Urb         , Urb         , Xos         , Urb         , Urb         , Urb         , Urb         , Xos         , Xu          , Xu          , Xu          , Xu          , Xu          , Xu          , Xu          , Xu          , Xu          , Xu          , Xu          , Xu          , Xu          , Xu          , Xu          , Xu          , Xu          , Xu          , Xu          , Xu          , Xu          , Wwf         , Wo          , Wo          , Wwf         , Wo          , Xu          , Wo          , Wo          , Wo^Bw\      , Urb         , Urb         , Urb         , Urb         , Urb         , Xu          , Xu          , Xu          , Qxu         , Qxu         , Urb         , Rb          , Qxu         , Qxu         , Qxu         , Qxu         , Rb          , Xu          , Xu          , Xu
Xos^Efs         , Xos^Efs         , Urb         , Urb         , Urb         , Urb         , Xos^Efs         , Urb         , Urb         , Urb         , Urb         , Xos         , Urb         , Urb         , Xos         , Urb         , Urb         , Urb         , Urb         , Xos         , Xu          , Xu          , Xu          , Xu          , Xu          , Xu          , Xu          , Xu          , Xu          , Xu          , Xu          , Xu          , Xu          , Xu          , Xu          , Xu          , Xu          , Xu          , Xu          , Xu          , Xu          , Wwf         , Wo          , Wwf         , Wo          , Wo          , Xu          , Xu          , Xu          , Urb         , Xu          , Urb         , Xu          , Urb         , Urb         , Uu          , Xu          , Xu          , Xu          , Xu          , Uh          , Uu          , Qxu         , Qxu         , Urb         , Uu          , Uu^Uf       , Xu          , Xu          , Xu
Xos         , Urb         , Urb         , Urb         , Urb         , Xos         , Xos         , Xos^Efs         , Urb         , Urb         , Urb         , Urb         , Urb         , Xos         , Urb         , Xos^Efs         , Xos^Efs         , Urb         , Xos         , Xos         , Xu          , Xu          , Xu          , Xu          , Qxu         , Xu          , Xu          , Xu          , Xu          , Xu          , Xu          , Xu          , Xu          , Xu          , Xu          , Xu          , Xu          , Xu          , Xu          , Xu          , Wwf         , Wwf         , Wwf         , Wo          , Wo          , Xu          , Xu          , Xu          , Xu          , Xu          , Xu          , Xu          , Xu          , Xu          , Urb         , Urb         , Xu          , Xu          , Xu          , Xu          , Xu          , Urb         , Uu^Uf       , Qxu         , Rb          , Uu          , Xu          , Xu          , Xu          , Xu
Xu          , Xos         , Urb         , Urb         , Urb         , Xos^Efs         , Xos         , Xos         , Xos         , Urb         , Urb         , Urb         , Urb         , Urb         , Urb         , Urb         , Xos         , Xos         , Xu          , Xu          , Xu          , Uh          , Urb         , Qxu         , Qxu         , Xu          , Xu          , Xu          , Xu          , Xu          , Xu          , Xu          , Xu          , Xu          , Xu          , Xu          , Xu          , Xu          , Xu          , Xu          , Xu          , Wo          , Wo          , Wo          , Wo          , Wwf         , Xu          , Xu          , Xu          , Xu          , Xu          , Xu          , Uu          , Urb         , Uu          , Xu          , Xu          , Xu          , Xu          , Xu          , Xu          , Xu          , Uh          , Uu          , Rb          , Rb          , Uh          , Xu          , Xu          , Xu
Xu          , Xos         , Urb         , Urb         , Urb         , Xos^Efs         , Urb         , Xos^Efs         , Xos^Efs         , Urb^Dr      , Urb^Dr      , Urb         , Urb         , Urb         , Urb         , Urb         , Xos         , Xu          , Xu          , Xu          , Uu^Uf       , Qxu         , Uu^Uf       , Urb         , Uue         , Xu          , Xu          , Xu          , Xu          , Xu          , Xu          , Xu          , Xu          , Xu          , Xu          , Xu          , Xu          , Xu          , Xu          , Xu          , Xu          , Xu          , Wo          , Wwf         , Wo          , Xu          , Xu          , Xu          , Xu          , Xu          , Xu          , Xu          , Uu          , Urb         , Urb         , Xu          , Xu          , Xu          , Xu          , Xu          , Xu          , Xu          , Qxu         , Urb         , Urb         , Qxu         , Uh          , Xu          , Xu          , Xu
Xu          , Xos         , Xos         , Urb         , Xos         , Urb         , Urb         , Urb         , Urb         , Urb^Dr      , Xos^Efs         , Xos         , Urb         , Urb         , Xos         , Xos         , Xu          , Xu          , Xu          , Uh          , Uh          , Urb         , Qxu         , Urb         , Xu          , Xu          , Xu          , Xu          , Xu          , Xu          , Xu          , Xu          , Xu          , Xu          , Xu          , Xu          , Xu          , Xu          , Xu          , Xu          , Xu          , Wwf         , Wo          , Wo          , Wwf         , Xu          , Xu          , Xu          , Xu          , Xu          , Xu          , Uu          , Urb         , Urb         , Urb         , Urb         , Xu          , Xu          , Xu          , Xu          , Xu          , Xu          , Qxu         , Qxu         , Rb          , Urb         , Xu          , Xu          , Xu          , Xu
Xu          , Xu          , Xu          , Xos         , Xos         , Urb         , Urb         , Urb         , Urb         , Urb         , Urb         , Xos^Efs         , Xos         , Xos         , Xu          , Xu          , Xu          , Xu          , Uue         , Xu          , Urb         , Urb         , Qxu         , Ur          , Xu          , Xu          , Xu          , Xu          , Xu          , Xu          , Wo          , Xu          , Xu          , Xu          , Xu          , Xu          , Xu          , Xu          , Xu          , Xu          , Wo          , Wo          , Wwf         , Wo          , Wwf         , Wwf         , Xu          , Xu          , Uu          , Xu          , Uu          , Urb         , Urb         , Urb         , Urb         , Urb         , Xu          , Xu          , Xu          , Xu          , Xu          , Xu          , Uh          , Rb          , Rb          , Urb         , Qxu         , Xu          , Xu          , Xu
Xu          , Xu          , Xu          , Xu          , Xu          , Xos         , Xos         , Urb         , Urb         , Urb         , Xos         , Xos         , Xu          , Xu          , Xu          , Xu          , Qxu         , Qxu         , Urb         , Urb         , Qxu         , Urb         , Urb         , Ur          , Xu          , Xu          , Uu          , Uu          , Uu          , Wo^Bw/      , Xu          , Wo          , Xu          , Xu          , Xu          , Xu          , Xu          , Xu          , Xu          , Wwf         , Wo          , Wwf         , Wwf         , Wo          , Xu          , Xu          , Xu          , Xu          , Uu^Uf       , Uu          , Xu          , Urb         , Urb         , Urb         , Urb         , Uu          , Xu          , Xu          , Xu          , Xu          , Xu          , Xu          , Xu          , Urb^Emf     , Urb         , Xu          , Qxu         , Qxu         , Xu          , Xu
Xu          , Xu          , Xu          , Xu          , Xu          , Xu          , Xu          , Xos         , Xos         , Xos         , Xu          , Xu          , Xu          , Xu          , Xu          , Xu          , Urb         , Urb         , Urb         , Uu          , Uu^Uf       , Urb         , Uh          , Xu          , Xu          , Xu          , Uu          , Xu          , Xu          , Xu          , Xu          , Wo          , Wo          , Xu          , Wwf         , Wwf         , Wwf         , Xu          , Wo          , Wwf         , Wo          , Wo          , Wo          , Wo          , Xu          , Xu          , Uu^Uf       , Urb         , Urb         , Uu^Uf       , Xu          , Urb         , Uu          , Uu          , Urb         , Urb         , Uu          , Xu          , Xu          , Xu          , Xu          , Xu          , Xu          , Xu          , Uh          , Qxu         , Qxu         , Qxu         , Xu          , Xu
Xu          , Xu          , Xu          , Xu          , Xu          , Xu          , Xu          , Xu          , Xu          , Xu          , Xu          , Xu          , Xu          , Xu          , Urb         , Urb         , Qxu         , Uu^Uf       , Xu          , Urb         , Xu          , Xu          , Xu          , Xu          , Xu          , Xu          , Wo          , Xu          , Wo          , Wwf         , Wwf         , Wo          , Wwf         , Wo          , Wo          , Wwf         , Wo          , Wo          , Wwf         , Wo          , Wo          , Wo          , Xu          , Xu          , Xu          , Xu          , Urb         , Urb         , Uu          , Uu^Uf       , Xu          , Xu          , Xu          , Uu          , Xu          , Uu          , Xu          , Xu          , Xu          , Xu          , Xu          , Qxu         , Rb          , Rb          , Urb         , Rb          , Urb^Em      , Xu          , Xu          , Xu
Xu          , Xu          , Xu          , Xu          , Xuc         , Xu          , Xu          , Xu          , Xu          , Xu          , Xu          , Xu          , Xu          , Xu          , Urb         , Xu          , Xu          , Xu          , Xu          , Xu          , Xu          , Xu          , Xu          , Xu          , Wwf         , Xu          , Wo          , Wo          , Xu          , Wo          , Wo          , Wo          , Urb         , Wo          , Urb         , Wo          , Wo          , Wwf         , Wwf         , Wwf         , Wo          , Wo          , Xu          , Xu          , Xu          , Uu          , Urb         , Xu          , Uu          , Uu          , Xu          , Xu          , Xu          , Xu          , Xu          , Xu          , Xu          , Xu          , Rb          , Qxu         , Urb         , Urb^Em      , Xu          , Qxu         , Qxu         , Urb         , Qxu         , Xu          , Xu          , Xu
Xu          , Xu          , Xu          , Xu          , Xu          , Xu          , Xu          , Xu          , Xu          , Xu          , Xu          , Xu          , Xu          , Ur          , Qxu         , Xu          , Xu          , Xu          , Xu          , Xu          , Xu          , Xu          , Xu          , Urb         , Urb         , Wo          , Wo          , Wwf         , Xu          , Xu          , Xu          , Xu          , Xu          , Xu          , Xu          , Wwf         , Wo          , Wwf         , Wo          , Wo          , Wo          , Xu          , Xu          , Uu          , Uu          , Uu          , Uu          , Uu^Uf       , Urb         , Xu          , Xu          , Xu          , Xu          , Xu          , Xu          , Xu          , Uu^Uf       , Qxu         , Qxu         , Urb         , Uh          , Xu          , Uu          , Urb^Emf     , Urb         , Uu^Uf       , Xu          , Xu          , Xu          , Xu
Xu          , Xu          , Xu          , Xu          , Xu          , Xu          , Xu          , Xu          , Xu          , Xu          , Xu          , Xu          , Urb         , Urb         , Xu          , Qxu         , Xu          , Xu          , Xu          , Xu          , Wo          , Xu          , Xu          , Wwf         , Wo          , Wo          , Wo          , Xu          , Xu          , Xu          , Xu          , Xu          , Xu          , Urb         , Xu          , Xu          , Urb         , Wo          , Wo          , Wo          , Wwf         , Xu          , Xu          , Xu          , Xu          , Xu          , Urb         , Xu          , Urb         , Xu          , Xu          , Urb         , Qxu         , Urb         , Rb          , Xu          , Uh          , Qxu         , Urb         , Urb         , Xu          , Qxu         , Rb          , Qxu         , Qxu         , Urb         , Uh          , Uh          , Xu          , Xu
Xu          , Xu          , Xu          , Xu          , Urb         , Xu          , Xu          , Xu          , Xu          , Qxu         , Uh          , Xu          , Uh          , Xu          , Xu          , Xu          , Xu          , Xu          , Xu          , Wwf         , Wwf         , Wo          , Wo          , Wwf         , Wo          , Wo          , Urb         , Rb          , Urb         , Xu          , Rb          , Urb         , Urb         , Urb         , Xu          , Urb         , Wwf         , Wwf         , Wo          , Wwf         , Wwf         , Wwf         , Wwf         , Xu          , Xu          , Xu          , Xu          , Qxu         , Xu          , Xu          , Urb^Emf     , Uu          , Qxu         , Qxu         , Urb         , Xu          , Xu          , Rb          , Uu^Emf      , Rb          , Xu          , Xu          , Uu^Uf       , Urb         , Qxu         , Uu          , Xu          , Uh          , Xu          , Xu
Xu          , Xu          , Xu          , Urb         , Xu          , Urb         , Urb         , Urb         , Rb          , Urb         , Urb         , Wwf         , Urb         , Uu          , Xu          , Xu          , Xu          , Xu          , Xu          , Xu          , Xu          , Xu          , Wo          , Wwf         , Wo          , Wo^Bw/      , Wo          , Urb         , Rb          , Xu          , Rb          , Xu          , Xu          , Xu          , Wwf         , Wwf         , Wwf         , Urb         , Urb         , Wo          , Wwf         , Wwf         , Xu          , Xu          , Xu          , Urb         , Xu          , Xu          , Xu          , Qxu         , Qxu         , Rb          , Rb          , Qxu         , Rb          , Xu          , Xu          , Uu          , Uh          , Uu^Uf       , Xu          , Xu          , Qxu         , Uu          , Qxu         , Qxu         , Qxu         , Xu          , Xu          , Xu
Xu          , Xu          , Uu^Uf       , Urb         , Rb          , Wwf         , Xu          , Wwf         , Urb         , Rb          , Uu          , Rb          , Xu          , Urb         , Xu          , Xu          , Urb         , Xu          , Xu          , Xu          , Xu          , Xu          , Xu          , Wo          , Wwf         , Wo          , Wo          , Wwf         , Rb          , Xu          , Xu          , Urb         , Rb          , Rb          , Urb         , Rb          , Urb         , Wwf         , Wwf         , Wo          , Wwf         , Wwf         , Xu          , Xu          , Uh          , Uu          , Rb^Emf      , Urb         , Qxu         , Qxu         , Uu          , Uu          , Xu          , Rb          , Qxu         , Urb         , Uu^Uf       , Xu          , Xu          , Xu          , Xu          , Xu          , Uu          , Urb         , Urb         , Qxu         , Uu^Uf       , Xu          , Xu          , Xu
Xu          , Uu          , Wwf         , Uu          , Urb         , Xu          , Xos^Efs         , Xu          , Xu          , Uu          , Wwf         , Wwf         , Xu          , Ur          , Qxu^Bs/     , Rb          , Xu          , Uh          , Urb         , Uh          , Uh          , Wo          , Xu          , Wo          , Wo          , Wo          , Wo          , Wwf         , Wo          , Urb         , Urb         , Urb         , Urb         , Urb         , Wwf         , Rb          , Urb         , Rb          , Wo          , Wo          , Wo          , Xu          , Xu          , Xu          , Urb         , Xu          , Xu          , Uu          , Qxu         , Qxu         , Urb         , Xu          , Xu          , Urb         , Qxu         , Qxu         , Urb         , Urb         , Qxu         , Xu          , Xu          , Xu          , Xu          , Qxu         , Rb          , Urb         , Rb          , Xu          , Xu          , Xu
Xu          , Urb         , Xu          , Xu          , Rr          , Wwf         , Uu          , Xos^Efs         , Xos^Efs         , Xu          , Xu          , Xu          , Rb          , Ur          , Qxu         , Qxu         , Xu          , Xu          , Xu          , Wwf         , Uu          , Xu          , Xu          , Wwf         , Wo          , Wwf         , Wo          , Wo          , Uu          , Uu          , Uu          , Wwf         , Wwf         , Wo          , Wo          , Wo          , Wo          , Wo          , Wo          , Wo          , Wo          , Wo          , Xu          , Xu          , Urb         , Xu          , Uh          , Uh          , Urb         , Qxu         , Rb          , Xu          , Qxu         , Xu          , Xu          , Urb         , Xu          , Rb          , Urb         , Xu          , Xu          , Xu          , Xu          , Xu          , Urb         , Xu          , Xu          , Xu          , Xu          , Xu
Xu          , Urb         , Xu          , Xos^Efs         , Wwf         , Uu          , Rr          , Rr          , Rr          , Xos^Efs         , Xu          , Uu          , Wwf         , Uu          , Qxu         , Urb         , Urb         , Uh          , Uu          , Xu          , Uu          , Xu          , Xu          , Xu          , Wwf         , Wwf         , Wo          , Wwf         , Wwf         , Wwf         , Wo          , Urb         , Wwf         , Urb         , Wo          , Wo          , Wo          , Wo          , Wo          , Wo          , Xu          , Xu          , Xu          , Xu          , Xu          , Xu          , Uu^Uf       , Uh          , Xu          , Urb         , Urb         , Urb         , Xu          , Xu          , Xu          , Uu          , Xu          , Rb          , Rb^Em       , Uu          , Urb         , Xu          , Xu          , Xu          , Uu^Emf      , Xu          , Uu          , Uu          , Qxu         , Xu
Xu          , Rb          , Xu          , Xos^Efs         , Rr          , Wwf         , Ww          , Wwf         , Wwf         , Xos^Efs         , Xu          , Xu          , Urb         , Urb         , Xu          , Urb         , Uu          , Xu          , Wwf         , Urb         , Xu          , Wwf         , Xu          , Xu          , Uu          , Wwf         , Wwf         , Wo          , Wo          , Wwf         , Wo          , Urb         , Uu          , Wo          , Wwf         , Wwf         , Wo          , Wwf         , Wwf         , Wo          , Xu          , Xu          , Xu          , Xu          , Xu          , Xu          , Uu          , Xu          , Xu          , Uu          , Rb          , Uu^Uf       , Uh          , Xu          , Xu          , Xu          , Xu          , Urb         , Rb          , Rb          , Urb         , Xu          , Xu          , Xu          , Rb          , Xu          , Xu          , Urb         , Uu          , Xu
Xu          , Urb         , Re          , Xos^Efs         , Xos^Efs         , Wwf         , Rr          , Uu          , Xos^Efs         , Xos^Efs         , Xu          , Xu          , Uu          , Wwf         , Xu          , Xu          , Xu          , Uu^Uf       , Wwf         , Uu          , Xu          , Uu          , Xu          , Xu          , Uh          , Urb         , Xu          , Wo          , Xu          , Wo          , Wwf         , Uu          , Wo          , Wo          , Xu          , Wwf         , Xu          , Wo          , Wo          , Xu          , Xu          , Xu          , Xu          , Xu          , Xu          , Xu          , Xu          , Qxu         , Xu          , Uu          , Rb^Emf      , Rb          , Urb         , Xu          , Xu          , Xu          , Xu          , Xu          , Urb         , Urb         , Rb          , Xu          , Uh          , Xu          , Xu          , Uu          , Xu          , Qxu         , Uu          , Xu
Xu          , Wwf         , Urb         , Xu          , Xu          , Xos^Efs         , Xos^Efs         , Xos^Efs         , Xu          , Xu          , Xu          , Uu^Uf       , Wwf         , Xu          , Uu^Uf       , Xu          , Xu          , Wwf         , Xu          , Xu          , Xu          , Uh          , Ww          , Xu          , Wwf         , Wo          , Urb         , Xu          , Uu^Uf       , Wo          , Wo          , Wo          , Wo          , Wo          , Xu          , Xu          , Wwf         , Wo          , Wwf         , Wo          , Wo          , Xu          , Xu          , Xu          , Xu          , Xu          , Xu          , Xu          , Xu          , Xu          , Uh          , Urb         , Rb^Emf      , Rb          , Xu          , Xu          , Xu          , Qxu         , Uu          , Uu          , Urb         , Rb          , Urb         , Xu          , Urb^Em      , Urb         , Xu          , Qxu         , Uu          , Xu
Xu          , Xu          , Urb         , Wwf         , Xu          , Xu          , Xu          , Xu          , Urb         , Xu          , Wwf         , Xu          , Urb         , Urb         , Xu          , Urb         , Xu          , Xu          , Xu          , Wwf         , Urb         , Xu          , Xu          , Uh          , Urb         , Wwf         , Uu^Uf       , Urb         , Uu          , Xu          , Wo          , Wo          , Uu          , Wo          , Wo          , Wwf         , Wwf         , Wo          , Wwf         , Wo          , Xu          , Xu          , Xu          , Xu          , Xu          , Xu          , Xu          , Xu          , Xu          , Xu          , Xu          , Urb         , Urb         , Uh          , Qxu         , Xu          , Xu          , Xu          , Xu          , Xu          , Uh          , Uu^Uf       , Uu          , Urb^Emf     , Rb          , Xu          , Xu          , Rb          , Xu          , Xu
Urb         , Qxu         , Qxu         , Wwf         , Xu          , Xu          , Urb         , Wwf         , Wwf         , Uu^Uf       , Uu          , Xu          , Uu^Uf       , Wwf         , Xu          , Wwf         , Urb         , Xu          , Urb         , Urb         , Uu          , Xu          , Uh          , Wwf         , Uu^Uf       , Xu          , Wwf         , Wwf         , Uu^Uf       , Urb         , Uu          , Uu^Uf       , Wwf         , Wwf         , Wo          , Wo          , Wo          , Wo          , Wwf         , Wo          , Wo          , Xu          , Xu          , Xu          , Xu          , Xu          , Xu          , Xu          , Xu          , Xu          , Xu          , Xu          , Urb         , Xu          , Xu          , Xu          , Xu          , Xu          , Xu          , Xu          , Xu          , Uh          , Rb          , Urb         , Urb^Em      , Rb          , Rb          , Urb^Em      , Xu          , Xu
Urb^Emf     , Qxu         , Urb         , Qxu         , Qxu         , Xu          , Wwf         , Wwf         , Xu          , Wwf         , Wwf         , Uu^Uf       , Wwf         , Xu          , Wwf         , Uu^Uf       , Wwf         , Wwf         , Xu          , Uu^Uf       , Xu          , Xu          , Xu          , Uh          , Xu          , Uu^Uf       , Xu          , Urb         , Urb         , Urb         , Uu^Uf       , Urb         , Uu          , Wo          , Wwf         , Wwf         , Wo          , Wo          , Wwf         , Wwf         , Xu          , Xu          , Xu          , Xu          , Xu          , Xu          , Xu          , Qxu         , Xu          , Xu          , Xu          , Xu          , Urb         , Xu          , Xu          , Xu          , Xu          , Xu          , Xu          , Xu          , Xu          , Xu          , Xu          , Xu          , Xu          , Xu          , Wwf         , Xu          , Xu          , Xu
Qxu         , Qxu         , Uu          , Qxu         , Qxu         , Qxu         , Qxu         , Wwf         , Xu          , Wwf         , Xu          , Xu          , Urb         , Urb         , Xu          , Xu          , Xu          , Urb         , Xu          , Xu          , Uu          , Uu          , Wwf         , Xu          , Xu          , Xu          , Xu          , Urb         , Uu^Uf       , Uu          , Wo          , Urb         , Wo          , Wo          , Wo          , Wwf         , Wo          , Wwf         , Wwf         , Wo          , Xu          , Xu          , Xu          , Xu          , Xu          , Xu          , Qxu         , Qxu         , Qxu         , Qxu         , Qxu         , Xu          , Qxu^Bs|     , Urb         , Qxu         , Xu          , Qxu         , Xu          , Xu          , Xu          , Xu          , Xu          , Xu          , Xu          , Xu          , Rb          , Xu          , Xu          , Xu          , Xu
Qxu         , Qxu         , Qxu         , Qxu         , Qxu         , Qxu         , Qxu         , Xu          , Wwf         , Xu          , Wwf         , Wwf         , Uu          , Wwf         , Wwf         , Wwf         , Wwf         , Wwf         , Wwf         , Urb         , Urb         , Wwf         , Wwf         , Urb         , Xu          , Xu          , Xu          , Xu          , Xu          , Xu          , Urb         , Wo          , Wwf         , Wo          , Wo          , Wo          , Wo          , Wwf         , Wo          , Wo          , Xu          , Xu          , Xu          , Xu          , Xu          , Xu          , Qxu         , Qxu         , Qxu         , Qxu         , Qxu         , Qxu         , Qxu^Bs|     , Qxu^Bs|     , Xu          , Qxu         , Xu          , Xu          , Xu          , Xu          , Xu          , Xu          , Xu          , Rb          , Wwf         , Wwf         , Xu          , Xu          , Xu          , Xu
Qxu         , Qxu         , Urb         , Qxu         , Urb         , Qxu         , Wwf         , Wwf         , Urb         , Wwf         , Urb         , Wwf         , Ur          , Xu          , Wwf         , Urb         , Xu          , Uu^Uf       , Xu          , Xu          , Xu          , Xu          , Wwf         , Xu          , Xu          , Xu          , Xu          , Xu          , Xu          , Xu          , Wo          , Wo          , Wo          , Wo          , Xu          , Urb         , Uu          , Wo          , Wo          , Wo          , Wo          , Wo          , Wo          , Xu          , Xu          , Xu          , Xu          , Xu          , Xu          , Xu          , Xu          , Xu          , Urb         , Urb         , Xu          , Xu          , Xu          , Xu          , Xu          , Xu          , Xu          , Wwf         , Rb          , Urb         , Xu          , Xu          , Xu          , Xu          , Ww          , Wwf
Qxu         , Urb         , Urb         , Wwf         , Qxu         , Qxu         , Re          , Rb          , Uu^Emf      , Xu          , Xu          , Xu          , Wwf         , Urb         , Rb          , Wwf         , Xu          , Wwf         , Xu          , Xu          , Rb          , Rb          , Xu          , Xu          , Wwf         , Urb         , Urb         , Xu          , Xu          , Xu          , Urb         , Wo^Bw/      , Wo          , Wo          , Wwf         , Urb         , Xu          , Wwf         , Wwf         , Wwf         , Wo          , Wo          , Wo          , Wo          , Wo          , Wwf         , Wwf         , Xu          , Wwf         , Xu          , Wwf         , Wo          , Wo^Bw/      , Urb         , Wo          , Xu          , Wwf         , Xu          , Xu          , Xu          , Xu          , Xu          , Rb          , Xu          , Wwf         , Xu          , Xu          , Xu          , Wwf         , Wwf
Qxu         , Qxu^Bs|     , Qxu         , Qxu         , Qxu         , Wwf         , Xu          , Xu          , Xu          , Xu          , Uu^Emf      , Xu          , Ur          , Urb         , Xu          , Wwf         , Wwf         , Xu          , Xu          , Xu          , Xu          , Xu          , Uu          , Urb         , Wwf         , Wwf         , Urb         , Xu          , Rb          , Urb         , Xu          , Ww          , Wo          , Wo          , Wo          , Xu          , Wwf         , Wo          , Xu          , Wo          , Xu          , Wo          , Wo          , Wwf         , Wo          , Wo          , Wo          , Wo          , Wwf         , Wo          , Wo          , Wo          , Wo          , Wo          , Wwf         , Wwf         , Wwf         , Wwf         , Xu          , Xu          , Wwf         , Xu          , Rb          , Rb          , Rb          , Wwf         , Xu          , Ww          , Ww          , Wwf
Xu          , Urb         , Urb         , Qxu         , Qxu         , Qxu         , Xu          , Uu^Uf       , Rb          , Wwf         , Wwf         , Urb         , Xu          , Wwf         , Ww          , Xu          , Urb         , Wwf         , Urb         , Uu^Uf       , Wwf         , Uu          , Urb         , Urb         , Xu          , Urb         , Urb         , Urb         , Xu          , Xu          , Ww          , Ww          , Ww          , Wo          , Wwf         , Wwf         , Wwf         , Xu          , Xu          , Xu          , Xu          , Xu          , Wo          , Wwf         , Wo          , Wo          , Wwf         , Wo          , Wo          , Wo          , Wo          , Wo          , Wo          , Wo          , Wo          , Wwf         , Wwf         , Xu          , Xu          , Xu          , Xu          , Wo          , Wwf         , Rb          , Rb          , Xu          , Wwf         , Ww          , Xu          , Xu
Xu          , Rb^Emf      , Xu          , Uu^Uf       , Wwf         , Qxu         , Urb         , Uu          , Urb         , Wwf         , Uu          , Rb          , Wwf         , Urb         , Ww          , Rb          , Urb         , Xu          , Rb          , Rb          , Rb          , Urb         , Urb         , Urb         , Wwf         , Xu          , Wwf         , Wwf         , Xu          , Xu          , Xu          , Ww          , Xu          , Wo          , Xu          , Wwf         , Xu          , Xu          , Xu          , Xu          , Xu          , Xu          , Wwf         , Wo          , Wo          , Wo          , Wwf         , Wo          , Wo          , Wwf         , Wwf         , Wwf         , Wwf         , Wwf         , Xu          , Wo          , Xu          , Xu          , Wo          , Xu          , Xu          , Wwf         , Rb          , Rb          , Uu          , Rb          , Wwf         , Wwf         , Xu          , Xu
Xu          , Xu          , Wwf         , Urb         , Re          , Uu          , Uu          , Wwf         , Wwf         , Xu          , Urb^Emf     , Xu          , Xu          , Xu          , Xu          , Xu          , Ww          , Xu          , Xu          , Uu          , Xu          , Xu          , Xu          , Xu          , Xu          , Urb         , Wwf         , Xu          , Xu          , Xu          , Xu          , Xu          , Xu          , Xu          , Xu          , Xu          , Xu          , Xu          , Xu          , Xu          , Xu          , Xu          , Xu          , Wo          , Xu          , Xu          , Xu          , Wwf         , Wwf         , Wwf         , Xu          , Wwf         , Xu          , Wwf         , Xu          , Wo          , Wo          , Wo          , Wo          , Rb^Emf      , Rb          , Rb          , Rb          , Rb          , Xu          , Xu          , Wwf         , Wwf         , Ww          , Wwf
Xu          , Urb         , Urb^Ii      , Wwf         , Urb         , Ww          , Urb         , Xuc         , Xuc         , Xu          , Xu          , Wwf         , Urb         , Wwf         , Wwf         , Xu          , Ww          , Rb          , Xu          , Xu          , Xu          , Xu          , Xu          , Xu          , Xu          , Xu          , Xu          , Xu          , Xu          , Xu          , Xu          , Xu          , Xu          , Xu          , Xu          , Xu          , Xu          , Xu          , Xu          , Xu          , Xu          , Xu          , Xu          , Xu          , Xu          , Xu          , Xu          , Xu          , Xu          , Wwf         , Xu          , Xu          , Xu          , Xu          , Xu          , Xu          , Xu          , Xu          , Xu          , Uh          , Uu          , Wwf         , Xu          , Rb^Emf      , Xu          , Xu          , Xu          , Xu          , Xu          , Xu
Xu          , Uu          , Rb^Emf      , Rb          , Uu^Uf       , Wwf         , Xu          , Xuc         , 1 Urb       , Xuc         , Urb         , Urb         , Uu^Uf       , Urb         , Rb          , Xu          , Urb         , Wo          , Wo          , Xu          , Xu          , Xu          , Xu          , Xu          , Xu          , Xu          , Xu          , Xu          , Xu          , Xu          , Xu          , Xu          , Xu          , Xu          , Xu          , Xu          , Xu          , Xu          , Xu          , Xu          , Xu          , Xu          , Xu          , Xu          , Xu          , Xu          , Xu          , Xu          , Xu          , Xu          , Xu          , Xu          , Xu          , Xu          , Xu          , Xu          , Xu          , Xu          , Xu          , Xu          , Xu          , Xu          , Xu          , Xu          , Xu          , Xu          , Xu          , Xu          , Xu          , Xu
Xu          , Xu          , Xu          , Xu          , Xu          , Xu          , Xu          , Xu          , Xu          , Xu          , Xu          , Xu          , Xu          , Xu          , Xu          , Xu          , Xu          , Xu          , Wo          , Wo          , Xu          , Xu          , Xu          , Xu          , Xu          , Xu          , Xu          , Xu          , Xu          , Xu          , Xu          , Xu          , Xu          , Xu          , Xu          , Xu          , Xu          , Xu          , Xu          , Xu          , Xu          , Xu          , Xu          , Xu          , Xu          , Xu          , Xu          , Xu          , Xu          , Xu          , Xu          , Xu          , Xu          , Xu          , Xu          , Xu          , Xu          , Xu          , Xu          , Xu          , Xu          , Xu          , Xu          , Xu          , Xu          , Xu          , Xu          , Xu          , Xu          , Xu
