Xu, Xu, Xu, Xu, Xu, Xu, Xu, Xu, Xu, Xu, Xu, Xu, Xu, Xu, Xu, Xu, Xu, Qlf, Qlf, Qlf, Xu, Xu, Xu, Xu, Xu, Xu, Xu, Xu, Xu, Xu, Xu, Xu, Xu, Xu, Xu, Xu, Xu, Xu, Xu, Xu, Xu, Xu, Ql, Ql, Ql, Ql, Xu, Xu, Xu, Xu, Xu, Xu, Xu, Xu, Xu, Xu, Xu, Xu, Xu, Xu, Xu, Xu, Xu, Xu, Xu, Xu, Xu, Xu, Xu, Xu, Xu, Xu, Xu, Xu, Xu, Xu, Xu, Xu, Xu, Xu, Xu, Xu, Xu, Xu, Xu, Xu, Xu, Xu, Xu, Xu, Xu, Xu, Xu, Xu, Xu, Xu, Xu, Xu, Xu
Xu, Xu, Urb, Xu, Urb, Urb, Urb, Xu, Urb, Urb, Urb, Urb, Urb, Urb, Urb, Urb, Urb, Qlf, Qlf, Qlf, Xu, Xu, Xu, Xu, Xu, Xu, Xu, Xu, Xu, Xu, Xu, Xu, Xu, Xu, Uu, Xu, Urb, Urb, Urb, Urb, Urb, Ql, Urb, Ql, Ql, Xu, Xu, Xu, Urb, Xu, Urb, Xu, Wog^Dr, Wwr, Wog, Wog^Dr, Xu, Xu, Qxu, Xu, Urb, Xu, Uue, Xu, Xu, Xu, Urb, Uue, Urb, Ss, Ss, Ww, Ww, Ww, Urb, Ww, Ss, Xu, Rb, Xu, Urb, Xu, Urb, Xu, Xu, Xu, Uu, Xu, Urb, Xu, Urb, Ur, Rb, Xu, Xu, Xu, Xu, Xu, Xu
Xu, Urb, Urb, Urb, Xu, Xu, Xu, Urb, Xu, Xu, Xu, Xu, Xu, Xu, Xu, Xu, Xu, Urb, Urb, Urb, Urb, Uu, Uu, Xu, Urb, Urb, Urb, Xu, Urb, Urb, Xu, Xu, Urb, Urb, Urb, Uu, Urb, Xu, Xu, Uu, Xu, Ql, Ql, Ql, Xu, Ql, Urb, Urb, Urb, Urb, Urb, Urb^Es, Wog, Wog, Wog^Es, Wog^Bw\, Urb, Rb, Urb, Urb, Urb, Urb, Urb, Urb, Urb, Urb, Urb, Urb, Urb, Uue, Ww, Ww, Urb, Ss, Ss, Ww, Urb, Rb, Urb, Urb, Ww, Urb, Urb, Urb, Rb, Xu, Xu, Urb, Urb, Xu, Urb, Rb, Xu, Xu, Uu, Xu, Xu, Xu, Xu
Xu, Urb, Xu, Xu, Xu, Xu, Xu, Xu, Urb, Urb, Urb, Uu, Urb^Emf, Urb, Urb, Uu, Urb, Qlf, Qlf, Qlf, Xu, Urb, Urb, Urb, Xu, Xu, Xu, Uu, Uu, Urb, Urb, Uu, Xu, Urb, Urb, Urb, Urb, Xu, Qlf, Xu, Ql, Ql, Ql, Ql, Xu, Urb, Xu, Urb, Urb, Xu, Xu, Wog^Bw\, Wog, Wog^Dr, Xu, Xu, Qxu, Urb, Qxu, Qxu, Urb, Urb, Urb, Urb, Xu, Urb, Urb, Urb, Urb, Rb, Ww, Ss, Rb, Ww, Urb, Urb, Uue, Urb, Urb, Urb, Urb, Urb, Rb, Urb, Urb, Xu, Urb, Xu, Urb, Urb, Urb, Xu, Xu, Urb, Urb, Urb, Xu, Xu, Xu
Xu, Urb, Xu, Xu, Xu, Xu, Xu, Uh, Xu, Xu, Xu, Xu, Xu, Xu, Xu, Xu, Xu, Urb, Xu, Qlf, Qlf, Xu, Uu, Urb, Xu, Xu, Xu, Xu, Xu, Urb, Qlf, Xu, Uu, Urb, Xu, Urb, Xu, Urb, Urb, Urb, Qxu^Bs\, Ql, Ql, Ql, Xu, Urb, Urb, Qxu, Urb, Qxu, Xu, Wog^Dr, Xu, Xu, Wog^Dr, Xu, Xu, Urb, Urb, Uue, Xu, Xu, Xu, Xu, Xu, Xu, Xu, Xu, Urb, Ss, Urb, Ww, Ww, Ww, Ss, Xu, Xu, Xu, Xu, Xu, Xu, Xu, Xu, Urb, Urb, Urb, Urb, Xu, Xu, Urb, Urb, Urb, Urb, Urb, Xu, Xu, Uu, Xu, Xu
Xu, Urb, Xu, Xu, Qlf, Xu, Uu, Uu, Xu, Xu, Xu, Xu, Xu, Urb, Urb, Urb, Xu, Urb, Urb, Xu, Urb, Xu, Xu, Urb, Urb, Xu, Uu, Urb, Urb, Xu, Xu, Xu, Xu, Uu, Urb, Xu, Xu, Qlf, Xu, Ql, Ql, Qxu^Bs\, Qxu^Bs\, Urb, Urb, Xu, Urb, Urb, Urb, Qxu, Xu, Xu, Xu, Wwr, Wog, Wog^Dr, Wog, Xu, Xu, Xu, Xu, Xu, Wog, Xu, Xu, Xu, Rb, Urb, Xu, Xu, Xu, Urb, Wwr, Xu, Wog, Xu, Wog, Wog, Wog, Wog, Wog, Wog, Wog, Xu, Xu, Urb, Urb, Xu, Urb, Urb, Urb, Urb, Urb, Urb, Xu, Uu, Urb, Uu^Emf, Xu
Xu, Xu, Xu, Xu, Urb, Urb, Urb, Urb, Xu, Xu, Xu, Xu, Xu, Urb, Urb, Uu, Xu, Xu, Uu, Xu, Xu, Urb, Urb, Xu, Urb, Uu, Xu, Xu, Xu, Urb, Urb, Urb, Urb, Xu, Xu, Urb, Urb, Urb, Ql, Ql, Ql, Ql, Ql, Urb, Tb^Tf, Xu, Xu, Urb, Urb, Xu, Urb, Urb, Xu, Wog^Dr, Wog, Wwr, Wog, Xu, Wog, Wog, Wog, Wog, Wog, Xu, Wog, Xu, Xu, Urb, Xu, Xu, Wog, Wwr, Wog, Wwr, Wog, Wog, Wog, Wog, Wog, Wog, Wog, Wog, Wog, Xu, Uu, Xu, Urb, Urb, Uu, Xu, Urb, Urb, Urb, Urb, Urb, Urb, Xu, Xu, Xu
Xu, Xu, Xu, Urb^Emf, Urb, Urb, Xu, Urb^Emf, Urb, Uu, Urb, Xu, Uh, Urb, Xu, Xu, Urb, Urb, Xu, Uu, Xu, Urb, Urb, Xu, Xu, Xu, Urb, Xu, Xu, Urb, Urb, Xu, Urb, Uu, Xu, Xu, Uu, Urb, Qlf, Qlf, Qlf, Qlf, Urb, Urb, Xu, Xu, Urb, Urb, Urb, Xu, Urb, Urb, Xu, Wog, Wog, Wog, Wog, Wog, Wog, Wog, Wog, Wog, Wog, Wog, Wog, Wog, Wog, Xu, Wog, Wog, Wog, Wog, Wog, Wog, Wog, Wog, Wog, Wog, Xuc, Wog, Wog, Wog, Wog, Wog, Wog, Xu, Urb, Urb, Xuc, Xu, Uu, Urb, Urb, Urb, Urb, Urb, Xu, Xu, Xu
Xu, Xu, Uu, Urb, Uu, Urb, Xu, Urb, Xu, Xu, Xu, Uh, Ql, Ql, Uu, Urb, Xu, Xu, Urb, Xu, Urb, Urb, Xu, Xu, Urb, Urb, Xu, Urb, Urb, Xu, Urb, Xu, Urb, Xu, Xu, Urb, Urb, Qlf, Qlf, Qlf, Qlf, Urb, Qlf, Urb, Urb, Urb, Urb, Xu, Xu, Urb, Urb, Xu, Xu, Urb, Wog, Uh, Ur, Wog^Bw/, Wog, Wog, Wog, Wog, Urb, Xu, Wog, Wog, Wog, Wog, Wog, Wog, Wog, Wog, Wog, Wog, Urb, Wog, Xuc, Xuc, Xuc, Wog, Wog, Wog, Wog, Wog, Wog, Xu, Xu, Urb, Urb, Xuc, Uu, Urb, Urb, Urb, Uu, Uu, Xu, Xu, Xu
Xu, Xu, Uu, Urb, Urb, Xu, Xu, Xu, Urb, Urb, Urb, Xu, Ql, Ql, Urb, Urb, Xu, Urb, Xu, Xu, Xu, Urb, Urb, Urb, Urb, Xu, Urb, Xu, Urb, Urb, Urb, Xu, Xu, Urb, Uu, Xu, Xu, Uu, Qlf, Qlf, Xu, Urb, Urb, Urb, Urb, Urb, Xu, Uue, Xu, Xu, Xu, Xu, Xu, Xu, Ur, Ur, Uh, Ur, Ur, Wog^Bw/, Wog, Wog, Wog, Wog, Wog, Wog, Wog, Wog, Wog, Wog, Wog, Wog, Rb, Rb, Urb, Urb, Urb, Urb, Urb, Urb, Rb, Wog, Wog, Wog, Wog, Wog, Xu, Urb, Urb, Xu, Xu, Urb, Urb, Urb, Xu, Xu, Xu, Xu, Xu
Xu, Xu, Xu, Urb, Xu, Uu, Ql, Ql, Xu, Urb, Urb, Xu, Xu, Urb, Xu, Xu, Uu, Urb, Xu, Uu, Uu, Xu, Xu, Urb, Xu, Xu, Urb, Xu, Xu, Urb, Urb, Urb, Urb, Xu, Uu, Urb, Urb, Uu, Qlf, Qlf, Xu, Xu, Urb, Urb, Xu, Tb^Tf, Xu, Xu, Xu, Xu, Xu, Xu, Urb, Ur, Rb, Wog, Wog, Wog, Wog, Wog, Wog, Wog, Wog, Wog, Wog, Wog, Xu, Wog, Xu, Wog, Xu, Wog, Xu, Urb, Urb, Rb, Urb, Urb, Rb, Urb, Xu, Urb, Xu, Wog, Wog, Wog, Xu, Xu, Urb, Xu, Xu, Xu, Xu, Urb, Urb, Urb, Uu, Xu, Xu
Xu, Xu, Xu, Xu, Urb, Urb, Ql, Ql, Xu, Urb, Xu, Urb, Xu, Urb, Xu, Uu, Xu, Xu, Urb, Urb, Urb, Xu, Xu, Xu, Urb, Urb, Urb, Xu, Urb, Urb, Xu, Xu, Xu, Urb, Xu, Xu, Urb, Qlf, Qlf, Qlf, Urb, Urb, Xu, Xu, Xu, Xu, Uh, Urb, Uu^Vu, Urb, Ur, Uh, Uu^Vu, Ur, Urb, Uh, Uh, Uh, Urb^Emf, Ur, Urb, Uh, Uh, Uh, Urb, Rb, Urb, Xu, Urb, Xu, Uh, Xu, Rb, Xu, Xu, Urb, Urb, Urb, Rb, Xu, Rb, Xu, Urb, Wog, Wog, Wog, Wog, Xu, Urb, Xu, Xu, Xu, Uu, Urb, Urb, Urb, Uu, Xu, Xu
Xu, Xu, Xu, Uu, Urb, Xu, Xu, Ql, Urb, Urb, Xu, Urb, Urb, Urb, Xu, Urb, Urb, Urb, Xu, Urb, Urb, Urb, Uu, Urb, Xu, Urb, Urb, Xu, Urb, Xu, Urb, Urb, Uu, Xu, Urb, Urb, Qlf, Qlf, Qlf, Urb, Urb, Urb, Xu, Xu, Urb, Uh, Uu^Vud, Urb, Ur, Ur, Uu^Vu, Ur, Ur, Ur, Ur, Uu^Vu, Urb, Uh, Urb, Ur, Urb, Urb, Xu, Rb, Xu, Ql, Xu, Urb, Ql, Urb, Rb, Urb, Xu, Xu, Urb^Dr, Xu, Xu, Urb, Urb, Xu, Urb, Urb, Urb, Wog, Wog, Wog, Wog, Xu, Urb, Urb, Urb, Xu, Xu, Urb, Urb, Urb, Xu, Xu, Xu
Xu, Xu, Xu, Xu, Urb, Urb, Ql, Ql, Ql, Xu, Xu, Xu, Urb, Urb, Urb, Xu, Xu, Xu, Urb, Xu, Xu, Xu, Urb, Urb, Urb, Xu, Urb, Xu, Urb, Xu, Xu, Urb, Qlf, Urb, Qlf, Urb, Qlf, Qlf, Urb, Xu, Tb^Tf, Xu, Xu, Xu, Uu^Vu, Urb, Ur, Ur, Ur, Urb, Xuc, Rb, Uh, Uu^Vu, Urb, Ur, Ur, Uu^Vu, Uu^Vu, Ur, Uh, Xu, Ql, Xu, Ql, Xu, Ql, Ql, Ql, Ql, Rb, Urb^Dr, Xu, Urb, Urb, Urb, Xu, Urb, Xu, Xu, Urb, Xu, Urb^Dr, Wog, Wog, Wog, Ww, Xu, Xu, Urb, Urb, Urb, Xu, Xu, Xu, Xu, Xu, Xu, Xu
Xu, Xu, Xuc, Tb^Tf, Xu, Urb, Urb, Urb, Xu, Urb, Urb, Xu, Xu, Xu, Urb, Urb, Urb, Urb, Xu, Urb, Urb, Urb, Urb, Qlf, Urb, Xu, Xu, Xu, Urb, Urb, Qlf, Qlf, Qlf, Qlf, Qlf, Qlf, Xu, Qlf, Urb, Urb, Xu, Xu, Uh, Urb, Ur, Ur, Uu^Vu, Urb, Ur, Xuc, Xuc, Xuc, Xuc, Uh, Ur, Ur, Urb, Ur, Ur, Ur, Urb, Xu, Ql, Ql, Ql, Ql, Rb, Uh, Urb, Urb, Urb, Xu, Urb, Urb, Xu, Urb, Urb, Urb, Xu, Urb^Dr, Xu, Xu, Urb^Dr, Wog, Wog, Wog, Xuc, Ww, Ww, Xu, Urb, Urb, Xu, Xu, Xu, Xu, Xu, Xu, Xu
Xu, Xu, Urb, Xu, Urb, Xu, Xu, Urb, Xu, Xu, Xu, Urb, Uu, Urb, Urb, Xu, Urb, Urb, Xu, Urb, Xu, Xu, Urb, Urb, Xu, Urb, Uu, Uu, Xu, Qlf, Qlf, Qlf, Qlf, Qlf, Urb, Qlf, Xu, Urb, Xu, Xu, Xu, Xu, Urb, Uu^Vu, Ur, Uh, Xuc, Xuc, Xuc, Uu^Vu, Xuc, Qxu, Xuc, Uu^Vu, Xuc, Xuc, Xuc, Uu^Vu, Ur, Uu^Vu, Urb, Xu, Xu, Ql, Urb, Urb, Xu, Xu, Xu, Urb, Xu, Qxu, Qxu, Xu, Xu, Urb, Urb, Urb, Urb, Urb, Xu, Rb, Wog, Wog, Wog, Xuc, Xu, Xuc, Ww, Xu, Xu, Urb, Urb, Xu, Xu, Xu, Xu, Xu, Xu
Xu, Tb^Tf, Xu, Urb, Xu, Urb, Xu, Urb, Xu, Xu, Urb, Xu, Xu, Xu, Urb, Urb, Urb, Xu, Urb, Urb, Xu, Urb, Xu, Urb, Xu, Urb, Xu, Xu, Qlf, Qlf, Qlf, Qlf, Xu, Qlf, Xu, Xu, Xu, Urb, Xu, Xu, Xu, Uu^Vu, Ur, Ur, Uu^Vu, Ur, Qxu^Bs\, Qxu, Qxu, Xuc, Ql, Ql, Ql, Xuc, Qxu, Qxu, Qxu^Bs/, Ur, Ur, Urb, Uu^Vu, Xu, Xu, Ql, Rb, Urb, Xu, Xu, Uh, Qxu, Urb, Qxu, Qxu, Qxu, Urb, Urb, Urb, Urb, Urb, Xu, Uh, Urb, Wog, Wog, Xu, Xu, Qxu, Xu, Xu, Ww, Ww, Xu, Urb, Xu, Xu, Xu, Xu, Xu, Xu
Xu, Urb, Xu, Xu, Urb, Xu, Tb^Tf, Urb, Urb, Urb, Xu, Urb, Tb^Tf, Ql, Xu, Xu, Xu, Xu, Xu, Urb, Xu, Urb, Xu, Urb, Urb, Xu, Urb, Qlf, Qlf, Qlf, Qlf, Qlf, Urb, Urb, Urb, Urb, Urb, Urb, Xu, Xu, Xu, Urb, Ur, Urb, Uu^Vu, Xuc, Qxu, Ur, Qxu^Bs\, Ql, Qlf, Co, Qlf, Ql, Qxu^Bs/, Ur, Qxu, Xuc, Uu^Vu, Ur, Ur, Urb, Xu, Ql, Xu, Rb, Urb, Uh, Rb, Urb, Urb, Urb^Dr, Urb, Qxu, Xu, Urb, Xu, Xu, Xu, Xu, Uh, Xuc, Wog, Wog, Urb, Urb, Urb, Urb, Urb, Xu, Ww, Xu, Urb, Xu, Urb, Xu, Xu, Xu, Xu
Ql, Urb, Xuc, Xu, Urb, Urb, Xu, Xu, Urb, Urb, Xu, Urb, Urb, Ql, Ql, Urb, Urb, Urb, Uu, Xu, Urb, Urb, Xu, Urb, Qlf, Urb, Qlf, Qlf, Qlf, Xu, Xu, Xu, Urb, Urb, Urb, Urb, Urb, Xu, Xu, Xu, Xu, Uh, Uu^Vu, Ur, Urb, Xuc, Xuc, Qxu, Ql, Co, Co, Co, Co, Co, Ql, Qxu, Xuc, Xuc, Uh, Urb, Ur, Uu^Vu, Xu, Ql, Ql, Urb, Xu, Urb, Xu, Xu, Rb, Ss, Xu, Urb, Xu, Xu, Urb, Tb^Tf, Urb, Xu, Urb, Wog, Wog^Bsb/, Wog^Bsb/, Xu, Urb, Urb, Urb, Xu, Xu, Ww, Xu, Xu, Urb, Urb, Xu, Xu, Xu, Xu
Ql, Urb, Ql, Ql, Xu, Xu, Xu, Xu, Tb^Tf, Urb, Ql, Qxu^Bs|, Ql, Ql, Ql, Qlf, Qlf, Qlf, Qlf, Urb, Xu, Xu, Xu, Urb, Qlf, Qlf, Qlf, Qlf, Xu, Xu, Urb, Xu, Xu, Urb, Urb, Urb, Xu, Xu, Uh, Xu, Xu, Xu, Urb, Ur, Ur, Uu^Vu, Xuc, Xuc, Ql, Qlf, Co, Ko, Co, Qlf, Ql, Qxu, Xuc, Ur, Ur, Uu^Vu, Ur, Uu^Vu, Urb, Xu, Xu, Xu, Xu, Xu, Urb, Rb, Xu, Xu, Ss, Rb, Xu, Uh, Urb, Rb, Rb, Uu, Urb, Wog^Bsb/, Wog, Wog, Xu, Urb, Urb, Urb, Xu, Ww, Xu, Xu, Xu, Urb, Urb, Urb, Xu, Xu, Xu
Ql, Urb, Urb, Ql, Ql, Ql, Ql, Ql, Ql, Qlf, Ql, Qxu^Bs|, Ql, Ql, Ql, Ql, Qlf, Qlf, Qlf, Qlf, Qlf, Qlf, Qlf, Qlf, Qlf, Qlf, Xu, Xu, Xu, Urb, Urb, Xu, Urb, Urb, Urb, Urb, Urb, Urb, Urb, Urb, Xu, Xu, Uh, Uu^Vu, Ur, Xuc, Qxu, Qxu, Qxu^Bs/, Co, Qlf, Ce, Qlf, Co, Qxu^Bs\, Qxu, Qxu, Xuc, Urb, Ur, Uu^Vu, Urb, Uh, Xu, Xu, Xu, Urb^Dr, Ss, Ss, Xu, Xu, Urb, Wwf, Wwf, Xu, Urb, Xu, Xu, Xu, Xuc, Xuc, Wog, Wog, Xu, Urb, Urb, Urb, Urb, Urb, Wwf, Wwf, Xu, Xu, Urb, Urb, Xu, Xu, Xu, Xu
Xu, Xu, Urb, Ql, Ql, Qlf, Qlf, Qlf, Qlf, Ql, Ql, Qxu^Bs|, Ql, Qlf, Qlf, Qlf, Qlf, Qlf, Qlf, Urb, Urb, Qlf, Qlf, Qlf, Qlf, Qlf, Xu, Xu, Urb, Urb, Urb, Xu, Urb, Urb, Xu, Xu, Xu, Urb, Xu, Xu, Xu, Xu, Uh, Urb, Ur, Xuc, Qxu^Bs/, Ur, Qxu, Ql, Ql, Co, Ql, Ql, Qxu, Ur, Qxu^Bs\, Xuc, Uu^Vu, Ur, Xu, Urb, Xu, Xu, Xu, Rb, Xu, Xu, Xu, Xu, Wwf, Urb, Urb, Wwf, Xu, Urb, Xu, Urb, Urb, Urb, Wog^Bw\, Wog, Wog, Xu, Xu, Urb, Xu, Xu, Ww, Wwf, Xuc, Ww, Xuc, Urb, Urb, Urb, Xu, Xu, Xu
Xu, Xu, Tb^Tf, Ql, Qlf, Qlf, Qlf, Qlf, Uh, Uh, Cud, Urb, Cud, Uh, Uh, Urb, Urb, Urb, Urb, Qlf, Qlf, Qlf, Qlf, Qlf, Xu, Xu, Urb, Urb, Xu, Xu, Urb, Urb, Xu, Urb, Urb, Urb, Urb, Xu, Xu, Xu, Uh, Rb, Urb, Urb, Uu^Vu, Ur, Xuc, Qxu, Xuc, Qxu, Qxu, Ql, Qxu, Qxu, Tb^Tf, Qxu, Xuc, Ur, Ur, Ur, Ur, Urb, Xu, Ss, Urb^Dr, Urb, Xu, Xu, Urb, Wwf, Wwf, Rb, Qxu, Xu, Urb, Urb, Uue, Xu, Rb, Wog, Wog, Wog, Wog, Wog, Xuc, Xu, Wwf, Ww, Xu, Xuc, Xuc, Ww, Xuc, Xu, Urb, Urb, Xu, Xu, Xu
Xu, Urb, Ql, Ql, Tb^Tf, Xu, Urb, Uh, Uh, Cud, Uh, Urb, Urb, Cud, Cud, Uh, Uh, Tb^Tf, Urb, Xu, Qlf, Qlf, Qlf, Xu, Xu, Xu, Xu, Xu, Xu, Urb, Urb, Urb, Xu, Urb, Xu, Urb, Xu, Xu, Xu, Uh, Xu, Urb, Ur, Rb, Ur, Ur, Ur, Xuc, Uh, Xuc, Xuc, Qxu, Xuc, Ur, Urb, Xuc, Uh, Uh, Uu^Vu, Urb, Ur, Uu^Vu, Xu, Xu, Ss, Ss, Xu, Urb, Urb, Urb, Qxu, Qxu, Uu, Qxu, Qxu, Urb, Xu, Xu, Xu, Urb, Wog, Wog, Wog, Xu, Xu, Xu, Wwf, Xu, Xu, Urb, Xuc, Wwf, Ww, Xu, Urb, Urb, Xu, Xu, Xu
Xu, Urb, Urb, Urb, Xu, Urb, Uh, Uh, Cud, Cud, Ql, Urb, Ql, Urb, Uh, Cud, Uh, Ql, Urb, Qlf, Qlf, Qlf, Qlf, Xu, Xu, Xu, Xu, Urb, Urb, Urb, Xu, Xu, Xu, Xu, Urb, Xu, Xu, Xu, Xu, Urb, Ur, Ur, Xu, Ur, Urb, Uu^Vu, Ur, Uu^Vu, Urb, Uu^Vu, Urb, Xuc, Uu^Vu, Xuc, Urb, Urb, Uh, Urb, Ur, Ur, Urb, Uh, Xu, Xu, Ss, Xu, Xu, Wwf, Urb, Urb, Qxu, Tb^Tf, Urb, Rb, Qxu^Bs/, Urb, Urb, Uu, Urb, Wog, Wog, Wog, Wog, Xu, Ww, Xu, Xu, Ww, Xu, Uu, Urb, Xuc, Ww, Xu, Urb, Urb, Xu, Xu, Xu
Ql, Ql, Qlf, Xu, Xu, Urb, Uh, Cud, Uh, Tb^Tf, Urb, Urb, Urb, Ql, Uh, Cud, Uh, Uh, Urb, Qlf, Qlf, Qlf, Xu, Xu, Xu, Xu, Urb, Urb, Urb, Urb, Urb, Urb, Urb, Urb, Urb, Xu, Xu, Xu, Ur, Ur, Xu, Xu, Xu, Urb, Xu, Uh, Uu^Vu, Ur, Ur, Ur, Ur, Urb, Ur, Ur, Ur, Ur, Ur, Uu^Vu, Ur, Uu^Vu, Urb, Urb, Xu, Ss, Urb, Ss, Xu, Qxu, Uu, Urb, Qxu, Urb, Uu, Urb, Qxu, Wwf, Xu, Rb, Xu, Wog^Bsb\, Wog^Bsb\, Wog, Wog, Ww, Xu, Wwf, Ww, Ww, Wwf, Xu, Xu, Urb, Ww, Xu, Urb, Xu, Xu, Xu, Xu
Xu, Xu, Qlf, Urb, Urb, Uh, Uh, Cud, Uh, Ql, Urb, Urb, Ql, Uh, Uh, Cud, Uh, Uh, Qlf, Qlf, Qlf, Qlf, Xu, Xu, Xu, Xu, Xu, Urb, Urb, Urb, Urb, Urb, Urb, Urb, Xu, Xu, Xu, Uu, Ur, Uu, Uu, Uu, Tb^Tf, Xu, Xu, Xu, Xu, Urb, Uh, Uu^Vu, Xu, Ur, Ur, Urb, Urb, Uu^Vu, Xu, Ur, Urb, Urb, Uh, Uh, Xu, Urb^Dr, Ss, Ss, Qxu, Qxu, Qxu, Rb, Rb, Qxu, Qxu, Qxu, Urb, Wwf, Uu, Xu, Urb, Wog, Wog, Wog^Bsb\, Urb, Xu, Uu, Xu, Xu, Ww, Wwg, Xu, Ww, Wwf, Xuc, Xu, Urb, Urb, Xu, Xu, Xu
Xu, Urb, Qlf, Qlf, Uh, Uh, Uh, Cud, Cud, Urb, Urb, Ql, Ql, Uh, Cud, Cud, Uh, Urb, Qlf, Qlf, Qlf, Xu, Urb, Xu, Urb, Urb, Urb, Urb, Urb, Urb, Xu, Urb, Xu, Xu, Xu, Xu, Xu, Uu, Uu, Ur, Uu, Tb^Tf, Tb^Tf, Tb^Tf, Tb^Tf, Tb^Tf, Tb^Tf, Xu, Xu, Xu, Ur, Ur, Xu, Urb, Uh, Xu, Xu, Urb, Urb, Urb, Urb, Xu, Urb, Ss, Xu, Xu, Ss, Qxu, Qxu, Xu, Wwf, Xu, Xu, Xu, Xu, Uu, Xu, Xu, Uue, Urb, Wog, Wog, Xu, Urb, Urb, Uue, Urb, Xu, Urb, Wwf, Xuc, Xuc, Xuc, Xuc, Xoi, Urb, Urb, Xu, Xu
Urb, Qlf, Qlf, Uh, Urb, Uh, Uh, Uh, Ur, Ur, Cud, Uh, Cud, Cud, Uh, Uh, Uh, Qlf, Qlf, Qlf, Qlf, Xu, Urb, Urb, Urb, Urb, Xu, Urb, Urb, Urb, Xu, Xu, Xu, Xu, Xu, Xu, Xu, Xu, Uu, Ur, Ur, Uu, Ur, Tb^Tf, Uu, Tb^Tf, Tb^Tf, Tb^Tf, Tb^Tf, Uu, Ur, Xu, Xu, Xu, Xu, Uh, Urb, Urb, Urb, Urb, Xu, Xu, Urb, Xu, Ss, Sm, Xu, Xu, Qxu, Xu, Urb, Uu, Xu, Xu, Xu, Uue, Uu, Xu, Uue, Urb, Wog, Wog, Wog, Xu, Xu, Urb, Xu, Urb, Wwf, Ww, Xu, Xuc, Xoi, Xoi, Icn^Ii, Xoi, Xoi, Urb, Xu
Xu, Tb^Tf, Uh, Urb, Urb, Uh, Urb, Urb, Ur, Urb, Uh, Cud, Uh, Uh, Uh, Tb^Tf, Qlf, Qlf, Qlf, Qlf, Qlf, Xu, Xu, Urb, Urb, Urb, Xu, Urb, Urb, Urb, Xu, Xu, Xu, Xu, Xu, Xu, Xu, Uu, Ur, Ur, Uu, Ur, Ur, Ur, Ur, Ur, Ur, Uu, Ur, Ur, Uu, Ur, Ur, Ur, Ur, Xu, Xu, Uue, Xu, Xu, Ss, Ss, Ss, Xu, Ss, Ss, Qxu, Rb, Urb, Urb, Xu, Xu, Xu, Xu, Uue, Urb, Urb, Wwg, Xu, Wog, Wog, Wog, Wog, Xu, Xu, Xu, Ww, Wwf, Xu, Xu, Urb, Xoi, Iwr, Icn, Icn, Icn, Xoi, Urb, Xu
Xu, Xu, Uh, Uh, Urb, Urb, Ur, Ur, Ql, Uh, Uh, Uh, Uh, Qlf, Qlf, Qlf, Qlf, Qlf, Qlf, Qlf, Qlf, Qlf, Xu, Urb, Xu, Xu, Urb, Urb, Urb, Urb, Xu, Xu, Xu, Xu, Xu, Xu, Ur, Ur, Uu, Uu, Tb^Tf, Tb^Tf, Tb^Tf, Uu, Tb^Tf, Tb^Tf, Uu, Ur, Uu, Uu, Tb^Tf, Tb^Tf, Tb^Tf, Tb^Tf, Uu, Ur, Uu, Xu, Ss, Ss, Ss, Ss, Ss, Ss, Ss, Xu, Xu, Urb, Xu, Xu, Xu, Xu, Xu, Uue, Uue, Urb, Urb, Rb, Xu, Wog, Wog, Wog, Wog, Wog, Xu, Xu, Ww, Xu, Urb, Xu, Urb, Xoi, Iwr, Iwr, Iwr, Iwr, Xoi, Urb, Xu
Xu, Xu, Urb, Uh, Ur, Ur, Urb, Qlf, Ql, Uh, Urb, Qlf, Qlf, Qlf, Qlf, Qlf, Qlf, Qlf, Qlf, Qlf, Ql, Ql, Ql, Xu, Xu, Urb, Urb, Urb, Xu, Xu, Xu, Xu, Xu, Xu, Ur, Ur, Tb^Tf, Ur, Uu, Tb^Tf, Tb^Tf, Tb^Tf, Tb^Tf, Tb^Tf, Tb^Tf, Tb^Tf, Uu, Ur, Uu, Tb^Tf, Tb^Tf, Tb^Tf, Tb^Tf, Tb^Tf, Tb^Tf, Ur, Ur, Xu, Ss, Ss, Ss, Ss, Urb, Ss, Xu, Xu, Xu, Urb, Xu, Xu, Xu, Xu, Urb, Urb, Urb, Tb^Tf, Xu, Xu, Urb, Urb, Wog, Wog, Wog, Wog, Wog, Xu, Ww, Urb, Urb, Urb, Urb, Xoi, Xoi, Iwr, Iwr, Iwr, Xoi, Urb, Xu
Xu, Xu, Xu, Urb, Urb, Urb, Uh, Qlf, Qlf, Ql, Qlf, Qlf, Qlf, Qlf, Qlf, Qlf, Tb^Tf, Tb^Tf, Urb, Qlf, Ql, Qlf, Xu, Ql, Urb, Urb, Qlf, Urb, Xu, Xu, Xu, Xu, Ur, Ur, Tb^Tf, Tb^Tf, Uu, Ur, Tb^Tf, Tb^Tf, Tb^Tf, Tb^Tf, Tb^Tf, Tb^Tf, Tb^Tf, Tb^Tf, Ur, Ur, Ur, Tb^Tf, Tb^Tf, Tb^Tf, Tb^Tf, Tb^Tf, Tb^Tf, Uu, Ur, Xu, Xu, Ss, Ss, Ss, Ss, Ss, Xu, Xu, Xu, Urb, Urb, Urb, Xu, Urb, Urb, Urb, Urb, Xu, Xu, Urb, Urb, Wog, Wog, Wog, Wog, Wog, Wog, Wog, Wog, Xu, Xu, Urb, Xu, Urb, Urb, Xoi, Xoi, Iwr^Pw/o, Urb, Urb, Xu
Xu, Xu, Uu, Uh, Uu, Ur, Ur, Uh, Uu, Qlf, Uu, Qlf, Qlf, Qlf, Qlf, Qlf, Qlf, Tb^Tf, Ql, Ql, Ql, Qlf, Xu, Ql, Urb, Urb, Ql, Ql, Xu, Xu, Ur, Ur, Tb^Tf, Tb^Tf, Tb^Tf, Tb^Tf, Uu, Ur, Tb^Tf, Tb^Tf, Tb^Tf, Tb^Tf, Tb^Tf, Tb^Tf, Tb^Tf, Tb^Tf, Uu, Ur, Uu, Tb^Tf, Tb^Tf, Tb^Tf, Tb^Tf, Tb^Tf, Tb^Tf, Uu, Ur, Uu, Uu, Xu, Xu, Xu, Xu, Xu, Urb, Xu, Rb, Urb, Xu, Xu, Urb, Rb, Rb, Xu, Urb, Urb, Xu, Urb, Urb, Wog, Wog, Wog, Xu, Xu, Xu, Wog, Wog, Wog, Wog, Xu, Xu, Xu, Urb, Urb, Urb, Urb, Urb, Xu, Xu
Xu, Xu, Xu, Urb, Uu, Uh, Urb, Urb, Uu, Urb, Urb, Uu, Qlf, Urb, Qlf, Qlf, Tb^Tf, Urb, Ql, Ql, Qlf, Qlf, Xu, Ql, Ql, Urb, Urb, Qlf, Xu, Xu, Ur, Uu, Tb^Tf, Tb^Tf, Tb^Tf, Tb^Tf, Tb^Tf, Ur, Ur, Tb^Tf, Tb^Tf, Tb^Tf, Tb^Tf, Uu, Uu, Uu, Ur, Ur, Ur, Uu, Ur, Tb^Tf, Tb^Tf, Tb^Tf, Tb^Tf, Uu, Ur, Uu, Uu, Xu, Xu, Urb, Urb, Urb, Urb, Xu, Xu, Urb, Urb, Urb, Rb, Rb, Xu, Xu, Urb, Ur, Xu, Urb, Urb, Wog, Wog, Xu, Xu, Urb, Urb, Ww^Bw/, Wog, Wog, Wog, Wog, Wog, Xu, Xu, Uu, Xu, Xu, Xu, Xu, Xu
Xu, Xu, Xu, Uu, Urb, Urb, Ur, Urb, Urb, Uu, Qlf, Uu, Qlf, Qlf, Qlf, Qlf, Qlf, Qlf, Qlf, Ql, Qlf, Qlf, Ql, Ql, Urb, Urb, Urb, Qlf, Xu, Uu, Ur, Tb^Tf, Tb^Tf, Tb^Tf, Tb^Tf, Tb^Tf, Tb^Tf, Uu, Ur, Tb^Tf, Ur, Uu, Ur, Ur, Ur, Ur, Ur, Uu, Uu, Ur, Ur, Ur, Ur, Tb^Tf, Uu, Ur, Uu, Ur, Ur, Uu, Xu, Urb, Urb, Urb, Urb, Urb, Urb, Urb, Urb, Urb, Xu, Xu, Uh, Urb, Ur, Ur, Urb, Xu, Wog, Wog, Wog, Wog, Xu, Urb, Urb, Xu, Xu, Wog, Wog, Wog, Wog, Xu, Xu, Xu, Wog, Xu, Wog, Wog, Wog
Xu, Uu, Uu, Uu, Urb, Uu, Urb, Urb, Uu, Urb, Urb, Qlf, Urb, Qlf, Uu, Qlf, Qlf, Qlf, Qlf, Qlf, Qlf, Ql, Qlf, Xu, Xu, Urb, Xu, Xu, Xu, Uu, Ur, Tb^Tf, Tb^Tf, Tb^Tf, Tb^Tf, Tb^Tf, Tb^Tf, Tb^Tf, Ur, Ur, Uu, Ur, Tb^Tf, Uu, Ur, Tb^Tf, Tb^Tf, Tb^Tf, Tb^Tf, Tb^Tf, Tb^Tf, Uu, Uu, Ur, Ur, Ur, Tb^Tf, Uu, Uu, Ur, Xu, Xu, Xu, Xu, Urb, Urb, Urb, Urb, Xu, Urb, Xu, Xu, Urb, Urb, Urb, Urb, Uh, Xu, Wog, Wog, Wog, Wog, Xu, Urb, Urb, Xu, Xos, Xu, Xu, Wog, Wog, Wog, Wog, Wog, Wog, Wog, Wog, Wog, Wog
Xu, Uu, Urb, Urb, Urb, Uu, Uu, Ur, Ur, Urb, Uu, Qlf, Qlf, Uu, Urb, Urb, Urb, Qlf, Uu, Uu, Urb, Ql, Ql, Xu, Xu, Urb, Xu, Xu, Xu, Uu, Uu, Ur, Ur, Tb^Tf, Uu, Uu, Ur, Ur, Tb^Tf, Tb^Tf, Tb^Tf, Tb^Tf, Tb^Tf, Uu, Ur, Tb^Tf, Tb^Tf, Tb^Tf, Tb^Tf, Tb^Tf, Tb^Tf, Uu, Uu, Ur, Uu, Tb^Tf, Tb^Tf, Tb^Tf, Tb^Tf, Ur, Ur, Xu, Xu, Xu, Xu, Xu, Xu, Xu, Xu, Urb, Xu, Uh, Urb, Urb, Urb, Ur, Xu, Xu, Wog, Wog, Xu, Xu, Xos, Urb, Urb, Xos, Urb, Xos, Xos, Xu, Xu, Wog, Wog, Wog, Wog, Wog^Bw\, Urb, Wog, Xu
Xu, Xu, Uu, Urb, Urb, Urb, Urb, Qlf, Urb, Uu, Qlf, Qlf, Qlf, Urb, Uu, Urb, Uu, Urb, Urb, Urb, Urb, Urb, Ql, Ql, Xu, Urb, Urb, Xu, Xu, Xu, Uu, Uu, Uu, Ur, Ur, Ur, Tb^Tf, Tb^Tf, Tb^Tf, Tb^Tf, Tb^Tf, Tb^Tf, Tb^Tf, Uu, Ur, Uu, Uu, Tb^Tf, Tb^Tf, Tb^Tf, Tb^Tf, Tb^Tf, Ur, Ur, Uu, Tb^Tf, Tb^Tf, Tb^Tf, Tb^Tf, Tb^Tf, Ur, Xu, Xu, Urb, Xu, Xu, Urb, Urb, Xu, Urb, Xu, Uh, Urb, Tb^Tf, Urb, Xu, Wog, Wog, Wog, Wog, Xu, Xos, Urb, Urb, Urb, Urb, Urb^Ii, Urb, Urb, Xos, Xos, Xu, Xu, Xu, Xu, Urb, Urb, Xu, Xu
Xu, Xu, Uu, Uu, Urb, Urb, Urb, Qlf, Urb, Qlf, Qlf, Qlf, Urb, Urb, Uu, Urb, Urb, Urb, Urb, Urb, Urb, Urb, Urb, Ql, Xu, Xu, Urb, Urb, Xu, Xu, Xu, Uu, Uu, Uu, Uu, Ur, Uu, Tb^Tf, Tb^Tf, Tb^Tf, Tb^Tf, Tb^Tf, Tb^Tf, Uu, Ur, Uu, Ur, Tb^Tf, Tb^Tf, Tb^Tf, Uu, Tb^Tf, Ur, Uu, Tb^Tf, Tb^Tf, Tb^Tf, Tb^Tf, Tb^Tf, Tb^Tf, Ur, Xu, Xu, Urb, Xu, Urb, Xu, Urb, Urb, Urb, Xu, Urb, Urb, Urb, Urb, Wog, Wog, Wog, Wog, Wog, Xu, Xos, Urb, Urb^Ii, Urb, Urb, Urb, Urb, Urb^Ii, Urb, Urb, Xos, Xos, Xu, Xu, Xu, Urb, Urb, Xu
Xu, Xu, Urb, Urb, Uu, Uu, Ql, Ql, Uu, Urb, Ur, Qlf, Urb, Uu, Urb, Urb, Uu, Urb, Urb, Urb, Uu, Urb, Urb, Ql, Ql, Xu, Xu, Urb, Xu, Xu, Xu, Uu, Uu, Uu, Uu, Ur, Uu, Tb^Tf, Tb^Tf, Tb^Tf, Tb^Tf, Tb^Tf, Ur, Ur, Uu, Ur, Uu, Ur, Ur, Uu, Uu, Uu, Ur, Tb^Tf, Tb^Tf, Tb^Tf, Tb^Tf, Tb^Tf, Ur, Ur, Xu, Xu, Xu, Urb, Urb, Urb, Urb, Xu, Xu, Xu, Urb, Urb, Urb, Urb, Wog, Wog, Wog, Wog, Xu, Xu, Xos, Xos, Urb, Urb, Urb, Urb^Ii, Urb, Urb, Urb, Urb, Urb^Ii, Urb, Xos, Xu, Xu, Xu, Urb, Urb, Xu
Xu, Xu, Urb, Uu, Xu, Uu, Xu, Ql, Urb, Xu, Qlf, Qlf, Qlf, Urb, Urb, Urb, Urb, Urb, Uu, Urb, Uu, Urb, Uu, Ql, Ql, Ql, Xu, Urb, Urb, Xu, Xu, Xu, Xu, Xu, Xu, Ur, Ur, Tb^Tf, Uu, Tb^Tf, Ur, Uu, Ur, Uu, Tb^Tf, Tb^Tf, Tb^Tf, Ur, Uu, Ur, Ur, Ur, Uu, Ur, Ur, Uu, Ur, Ur, Xu, Xu, Xu, Xu, Xu, Xu, Urb, Urb, Urb, Urb, Xu, Urb, Urb, Urb, Ur, Urb, Wog, Wog, Wog, Wog, Xu, Xos, Urb, Urb, Urb, Urb^Ii, Urb, Urb, Urb, Urb^Ii, Urb, Urb, Urb, Urb, Xos, Xu, Urb, Urb, Urb, Xu, Xu
Xu, Uu, Urb, Urb, Urb, Xu, Xu, Xu, Xu, Urb, Urb, Ur, Uu, Qlf, Urb, Urb, Uu, Uu, Urb, Urb, Urb, Urb, Ql, Ql, Ql, Xu, Xu, Urb, Urb, Urb, Urb, Xu, Xu, Xu, Xu, Xu, Xu, Ur, Ur, Ur, Uu, Ur, Uu, Tb^Tf, Tb^Tf, Tb^Tf, Tb^Tf, Tb^Tf, Tb^Tf, Uu, Ur, Uu, Uu, Uu, Uu, Ur, Xu, Xu, Xu, Xu, Xu, Xu, Urb, Xu, Xu, Urb, Urb, Urb, Xu, Urb, Urb, Ur, Xu, Xu, Wog, Wog, Wog, Xu, Xuc, Xos, Urb, Urb, Urb^Ii, Urb, Urb, Urb^Ii, Urb, Urb, Urb, Urb^Ii, Urb, Urb, Xos, Xu, Urb, Urb, Urb, Xu, Xu
Xu, Urb, Xu, Urb, Xu, Urb, Urb, Xu, Xu, Xu, Uu, Ur, Uu, Urb, Urb, Ql, Uu, Urb, Urb, Urb, Ql, Ql, Urb, Ql, Ql, Xu, Xu, Urb, Urb, Urb, Xu, Urb, Xu, Xu, Xu, Xu, Xu, Uu, Uu, Uu, Uu, Ur, Ur, Tb^Tf, Tb^Tf, Tb^Tf, Tb^Tf, Tb^Tf, Ur, Ur, Ur, Uu, Xu, Xu, Xu, Xu, Urb, Xu, Xu, Xu, Urb, Urb, Urb, Urb, Urb, Xu, Xu, Xu, Urb, Urb, Xu, Xu, Xu, Xu, Wog, Wog, Xu, Xu, Xuc, Xos, Urb, Urb, Urb, Urb, Urb^Ii, Urb, Urb, Urb^Ii, Urb, Urb, Urb, Urb, Xos, Xu, Xu, Urb, Urb, Urb, Xu
Xu, Uu, Xu, Urb, Xu, Xu, Urb, Xu, Xu, Xu, Uu, Ur, Ur, Urb, Urb, Ql, Ql, Urb, Urb, Urb, Ql, Xu, Urb, Xu, Ql, Ql, Xu, Xu, Urb, Urb, Urb, Urb, Xu, Xu, Xu, Xu, Xu, Xu, Xu, Xu, Xu, Xu, Ur, Tb^Tf, Ur, Tb^Tf, Ur, Ur, Xu, Xu, Xu, Ur, Urb, Xu, Urb, Urb, Urb, Xu, Xu, Xu, Urb, Urb, Urb, Urb, Urb, Urb, Urb, Urb, Urb, Urb, Urb, Urb, Wog, Wog, Wog, Wog, Xu, Urb, Urb, Urb, Xuc, Xos, Xos, Urb, Urb, Urb, Urb, Urb, Urb, Urb, Xos, Urb, Urb, Xu, Xu, Urb, Urb, Xu, Xu
Xu, Urb, Urb, Urb, Xu, Xu, Uu, Uu, Uu, Urb, Urb, Urb, Urb, Ur, Urb, Uu, Ql, Ql, Uu, Urb, Ql, Ql, Ql, Xu, Urb, Ql, Ql, Xu, Urb, Urb, Urb, Urb, Urb, Xu, Xu, Xu, Xu, Xu, Xu, Xu, Xu, Xu, Xu, Ur, Xu, Ur, Xu, Xu, Xu, Xu, Urb, Urb, Urb, Urb, Xu, Urb, Xu, Urb, Urb, Urb, Urb, Urb, Urb, Urb, Urb, Urb, Urb, Urb, Urb, Urb, Urb, Xu, Wog, Wog, Wog, Xu, Xu, Urb, Urb, Urb, Xu, Xu, Xu, Xos, Xos, Xos, Xos, Urb, Xos, Xos, Xu, Xu, Urb, Urb, Urb, Urb, Xu, Xu, Xu
Xu, Xu, Xu, Urb, Uu, Xu, Urb, Xu, Xu, Uu, Xu, Uu, Urb, Urb, Ur, Uu, Urb, Ql, Ql, Ql, Urb, Urb, Ql, Urb, Xu, Urb, Ql, Xu, Xu, Urb, Urb, Urb, Urb, Urb, Urb, Urb, Urb, Xu, Urb, Xu, Urb, Xu, Xu, Xu, Xu, Xu, Xu, Urb, Xu, Xu, Xu, Urb, Urb, Xu, Xu, Xu, Urb, Xu, Xu, Urb, Xu, Urb, Xu, Urb, Xu, Urb, Xu, Xu, Xu, Xu, Xu, Xu, Wog, Wog, Wog, Xu, Xu, Urb, Urb, Urb, Xu, Xu, Xu, Xu, Xu, Xu, Xu, Xos, Xu, Xu, Xu, Xu, Urb, Urb, Urb, Urb, Urb, Xu, Xu
Xu, Xu, Xu, Xu, Urb, Urb, Xu, Uu, Xu, Xu, Xu, Xu, Xu, Uu, Uu, Urb, Urb, Urb, Urb, Uu, Uu, Urb, Ql, Urb, Xu, Xu, Ql, Xu, Xu, Xu, Urb, Urb, Xu, Urb, Xu, Urb, Xu, Urb, Urb, Urb, Urb, Urb, Urb, Xu, Urb, Xu, Urb, Urb, Xu, Xu, Xu, Urb, Urb, Xu, Urb, Urb, Urb, Urb, Xu, Urb, Xu, Xu, Xu, Xu, Wog, Xu, Wog, Xu, Wog, Xu, Wog, Wog, Wog, Wog, Xu, Xu, Xu, Xu, Xu, Urb, Urb, Xu, Urb, Xu, Xu, Xu, Xu, Xu, Xu, Xu, Xu, Urb, Urb, Urb, Urb, Urb, Urb, Xu, Xu
Qlf, Xu, Xu, Xu, Urb, Xu, Urb, Urb, Urb, Urb, Uu, Xu, Xu, Xu, Xu, Urb, Urb, Xu, Xu, Xu, Xu, Xu, Urb, Ql, Xu, Xu, Ql, Xu, Xu, Urb, Xu, Xu, Urb, Xu, Xu, Xu, Xu, Xu, Xu, Xu, Xu, Xu, Xu, Urb, Urb, Urb, Xu, Xu, Urb, Urb, Urb, Xu, Urb, Urb, Urb, Xu, Xu, Xu, Urb, Urb, Xu, Wog, Wog, Wog, Xu, Wog, Xu, Wog, Wog, Wog, Wog, Wog, Xu, Xu, Xu, Urb, Urb, Urb, Urb, Urb, Urb, Urb, Xu, Urb, Urb, Urb, Urb, Urb, Urb, Urb, Urb, Urb, Urb, Urb, Urb, Urb, Urb, Xu, Xu
Ql, Ql, Ql, Uu, Urb, Urb, Xu, Uu, Xu, Ql, Ql, Ql, Ql, Urb, Urb, Urb, Urb, Urb, Urb, Xu, Ql, Urb, Ql, Ql, Ql, Ql, Xu, Xu, Xu, Urb, Urb, Xu, Urb, Urb, Urb, Xu, Xu, Xu, Xu, Xu, Urb, Xu, Xu, Urb, Urb, Urb, Urb, Urb, Xu, Urb, Xu, Xu, Urb, Urb, Urb, Urb, Urb, Urb, Xu, Xu, Wog, Wog, Wog, Xu, Xu, Xu, Wog, Wog, Wog, Wog, Wog, Wog, Xu, Xu, Urb, Urb, Xu, Xu, Xu, Xu, Xu, Xu, Xu, Xu, Xu, Xu, Xu, Xu, Xu, Xu, Xu, Urb, Urb, Urb, Urb, Urb, Urb, Xu, Xu
Ql, Uu, Uh, Uu, Ql, Urb, Urb, Xu, Ql, Ql, Ql, Urb, Urb, Xu, Ql, Urb, Xu, Xu, Urb, Ql, Ql, Ql, Ql, Ql, Urb, Urb, Urb, Xu, Xu, Xu, Urb, Xu, Xu, Urb, Urb, Xu, Urb, Xu, Xu, Urb, Urb, Urb, Urb, Xu, Urb, Urb, Urb, Urb, Urb, Xu, Urb, Urb, Urb, Urb, Urb, Urb, Urb, Xu, Wog, Xu, Wog, Xu, Wog, Wog, Wog, Wog, Xu, Wog, Xu, Xu, Xu, Xu, Xu, Urb, Xu, Xu, Xu, Xu, Xu, Xu, Xu, Xu, Xu, Xu, Xu, Xu, Urb, Xu, Urb, Xu, Xu, Xu, Urb, Urb, Urb, Urb, Xu, Xu, Xu
Ql, Urb, Uu, Ql, Uu, Uu, Urb, Uu, Ql, Ql, Ql, Ql, Urb, Urb, Urb, Urb, Urb, Xu, Ql, Ql, Ql, Ql, Ql, Ql, Ql, Xu, Urb, Ql, Xu, Xu, Xu, Urb, Urb, Xu, Urb, Urb, Urb, Xu, Xu, Xu, Xu, Xu, Urb, Urb, Urb, Urb, Xu, Urb, Urb, Urb, Urb, Urb, Urb, Urb, Xu, Xu, Wog, Urb, Wog, Wog, Wog, Wog, Wog, Wog, Xu, Xu, Xu, Xu, Xu, Xu, Xu, Xu, Urb, Urb, Xu, Xu, Xu, Xu, Xu, Xu, Urb, Urb, Urb, Urb, Urb, Urb, Xu, Urb, Xu, Urb, Urb, Urb, Xu, Urb, Xu, Xu, Xu, Xu, Xu
Ql, Ql, Ql, Uu, Ql, Ql, Uu, Urb, Urb, Ql, Ql, Ql, Ql, Urb, Urb, Urb, Urb, Ql, Ql, Ql, Ql, Ql, Ql, Ql, Ql, Urb, Urb, Ql, Ql, Xu, Xu, Urb, Urb, Urb, Urb, Urb, Urb, Urb, Urb, Urb, Urb, Urb, Urb, Urb, Xu, Xu, Urb, Urb, Xu, Urb, Urb, Xu, Xu, Urb, Xu, Wog, Wog, Wog, Xu, Wog, Wog, Wog^Bw\, Urb, Xu, Xu, Xu, Urb, Xu, Xu, Xu, Xu, Xu, Urb, Urb, Xu, Xu, Xu, Xu, Urb, Urb, Xu, Xu, Xu, Xu, Xu, Xu, Xu, Xu, Xu, Xu, Xu, Xu, Xu, Xu, Xu, Xu, Xu, Xu, Xu
Ql, Ql, Xu, Xu, Xu, Xu, Xu, Ql, Ql, Urb, Xu, Ql, Ql, Ql, Urb, Urb, Urb, Ql, Ql, Ql, Ql, Ql, Ql, Ql, Ql, Ql, Ql, Ql, Ql, Ql, Xu, Xu, Xu, Urb, Urb, Urb, Urb, Xu, Xu, Urb, Urb, Urb, Urb, Urb, Xu, Urb, Urb, Urb, Xu, Urb, Xu, Xu, Xu, Xu, Wog, Wog, Wog, Xu, Wog, Wog, Wog, Xu, Xu, Urb, Urb, Urb, Urb, Urb, Urb, Xu, Urb, Urb, Urb, Urb, Xu, Xu, Xu, Xu, Urb, Xu, Xu, Xu, Xu, Xu, Xu, Xu, Xu, Xu, Xu, Xu, Xu, Xu, Xu, Xu, Xu, Xu, Xu, Xu, Xu
Xu, Ql, Xu, Xu, Urb, Xu, Xu, Ql, Uu, Urb, Xu, Xu, Ql, Ql, Ql, Urb, Urb, Urb, Ql, Ql, Ql, Ql, Ql, Ql, Ql, Ql, Ql, Ql, Ql, Ql, Ql, Ql, Ql, Xu, Xu, Xu, Urb, Urb, Urb, Xu, Urb, Urb, Urb, Urb, Xu, Urb, Xu, Xu, Urb, Urb, Xu, Xu, Xu, Qxu, Qxu, Wog, Qxu, Wog, Qxu, Wog, Xu, Xu, Xu, Xu, Urb, Urb, Urb, Urb, Urb, Urb, Urb, Urb, Urb, Xu, Xu, Xu, Urb, Xu, Urb, Xu, Urb, Xu, Urb, Xu, Urb, Xu, Urb, Xu, Urb, Xu, Urb, Xu, Xu, Xu, Xu, Xu, Xu, Xu, Xu
Xu, Xu, Xu, Urb, Urb, Urb, Urb, Urb, Xu, Urb, Ql, Xu, Ql, Ql, Ql, Urb, Urb, Urb, Ql, Ql, Ql, Ql, Ql, Ql, Ql, Ql, Ql, Ql, Ql, Ql, Ql, Ql, Ql, Xu, Xu, Xu, Xu, Urb, Xu, Xu, Xu, Urb, Urb, Urb, Urb, Xu, Urb, Urb, Xu, Xu, Xu, Xu, Xu, Qxu, Xu, Qxu, Qxu, Qxu, Qxu, Wog, Wog, Xu, Xu, Xu, Xu, Urb, Urb, Urb, Xu, Xu, Xu, Xu, Xu, Xu, Urb, Urb, Urb, Urb, Urb, Urb, Urb, Urb, Urb, Urb, Urb, Urb, Urb, Urb, Urb, Urb, Urb, Urb, Urb, Xu, Xu, Xu, Xu, Xu, Xu
Xu, Xu, Urb, Urb, Urb, Urb, Urb, Urb, Xu, Ql, Ql, Ql, Ql, Ql, Urb, Urb, Urb, Urb, Ql, Ql, Ql, Ql, Ql, Ql, Ql, Ql, Ql, Ql, Ql, Xu, Ql, Xu, Xu, Ql, Xu, Xu, Xu, Xu, Xu, Xu, Xu, Urb, Qlf, Urb, Xu, Urb, Xu, Xu, Qlf, Xu, Qlf, Qxu, Qlf, Xu, Xu, Xu, Qxu, Xu, Qxu, Qxu, Wog, Xu, Xu, Xu, Xu, Xu, Xu, Xu, Xu, Xu, Xu, Xu, Xu, Xu, Urb, Urb, Urb, Urb, Urb, Urb, Urb, Urb, Urb, Urb, Urb, Urb, Urb, Urb, Urb, Urb, Urb, Urb, Urb, Xu, Xu, Xu, Xu, Xu, Xu
Xu, Xu, Urb, Urb, Urb, Urb, Urb, Xu, Ql, Ql, Ql, Ql, Ql, Ql, Urb, Urb, Urb, Ql, Ql, Ql, Ql, Ql, Ql, Ql, Urb, Ql, Urb, Ql, Ql, Ql, Xu, Xu, Xu, Ql, Ql, Qlf, Qlf, Xu, Qlf, Xu, Xu, Qlf, Xu, Xu, Xu, Qlf, Qlf, Qlf, Qlf, Qlf, Qlf, Qlf, Xu, Qlf, Qxu, Qxu, Qxu, Qxu, Xu, Qxu, Xu, Xu, Xu, Xu, Ql, Xu, Ql, Ql, Ql, Xu, Ql, Xu, Xu, Xu, Urb, Urb, Urb, Urb, Urb, Urb, Urb, Urb, Urb, Urb, Urb, Urb, Urb, Urb, Urb, Urb, Urb, Urb, Urb, Urb, Urb, Xu, Xu, Xu, Xu
Xu, Xu, Xu, Urb, Xu, Urb, Xu, Xu, Ql, Ql, Ql, Ql, Ql, Ql, Xu, Urb, Ql, Urb, Urb, Ql, Ql, Ql, Urb, Urb, Urb, Urb, Urb, Urb, Urb, Ql, Xu, Xu, Xu, Qlf, Qlf, Qlf, Xu, Qlf, Xu, Qlf, Qlf, Qlf, Qlf, Qlf, Qlf, Qlf, Qlf, Qlf, Qlf, Qlf, Xu, Qlf, Qlf, Qlf, Qlf, Qlf, Qxu, Qxu, Qxu, Xu, Xu, Xu, Xu, Ql, Ql, Ql, Urb, Ql, Urb, Ql, Urb, Ql, Urb, Urb, Urb, Urb, Urb, Urb, Urb, Urb, Urb, Urb, Urb, Urb, Urb, Urb, Urb, Urb, Urb, Urb, Urb, Urb, Urb, Urb, Urb, Urb, Xu, Xu, Xu
Xu, Xu, Xu, Xu, Xu, Xu, Xu, Xu, Ql, Ql, Ql, Ql, Xu, Xu, Urb, Urb, Urb, Urb, Ql, Ql, Ql, Ql, Urb, Urb, Urb, Urb, Urb, Urb, Urb, Urb, Urb, Urb, Urb, Urb, Urb, Xu, Xu, Xu, Xu, Qlf, Qlf, Qlf, Xu, Qlf, Qlf, Qlf, Qlf, Qlf, Qlf, Xu, Qlf, Urb, Qlf, Qlf, Qlf, Qlf, Xu, Xu, Xu, Xu, Xu, Xu, Xu, Ql, Urb, Urb, Ql, Urb, Ql, Urb, Ql, Urb, Urb, Urb, Urb, Urb, Urb, Urb, Urb, Urb, Urb, Urb, Urb, Urb, Urb, Urb, Urb, Urb, Urb, Urb, Urb, Urb, Urb, Urb, Urb, Urb, Xu, Xu, Xu
Xu, Xu, Ql, Ql, Ql, Ql, Ql, Ql, Ql, Ql, Ql, Ql, Ql, Xu, Urb, Urb, Urb, Urb, Ql, Ql, Ql, Ql, Ql, Urb, Urb, Urb, Ql, Urb, Ql, Urb, Urb, Urb, Urb, Urb, Qlf, Urb, Xu, Xu, Urb, Xu, Urb, Qlf, Qlf, Qlf, Qlf, Qlf, Qlf, Qlf, Xu, Qlf, Qlf, Qlf, Xu, Xu, Xu, Xu, Xu, Xu, Urb, Xu, Xu, Xu, Ql, Ql, Urb, Ql, Ql, Ql, Ql, Ql, Xu, Ql, Xu, Urb, Urb, Urb, Urb, Urb, Urb, Urb, Urb, Urb, Urb, Urb, Urb, Urb, Urb, Urb, Urb, Urb, Urb, Urb, Urb, Urb, Urb, Urb, Xu, Xu, Xu
Xu, Xu, Ql, Ql, Ql, Ql, Ql, Ql, Ql, Ql, Ql, Ql, Ql, Ql, Urb, Urb, Urb, Ql, Ql, Ql, Ql, Ql, Ql, Ql, Ql, Ql, Ql, Ql, Ql, Ql, Ql, Ql, Xu, Urb, Urb, Urb, Xu, Xu, Urb, Urb, Urb, Xu, Urb, Urb, Urb, Qlf, Urb, Qlf, Xu, Xu, Urb, Qlf, Urb, Xu, Urb, Xu, Xu, Urb, Urb, Xu, Xu, Ql, Ql, Ql, Urb, Ql, Ql, Xu, Xu, Xu, Xu, Xu, Xu, Xu, Urb, Urb, Urb, Urb, Urb, Urb, Urb, Urb, Urb, Urb, Urb, Urb, Urb, Urb, Urb, Urb, Urb, Urb, Urb, Urb, Xu, Xu, Xu, Xu, Xu
Xu, Ql, Xu, Ql, Ql, Ql, Ql, Ql, Ql, Ql, Ql, Ql, Ql, Ql, Ql, Urb, Urb, Urb, Ql, Ql, Ql, Ql, Ql, Ql, Ql, Ql, Ql, Ql, Ql, Ql, Ql, Ql, Ql, Urb, Urb, Urb, Ql, Xu, Xu, Xu, Ql, Urb, Urb, Xu, Urb, Xu, Urb, Urb, Urb, Urb, Xu, Urb, Xu, Urb, Xu, Urb, Urb, Urb, Urb, Urb, Ql, Ql, Xu, Ql, Urb, Ql, Ql, Xu, Xu, Xu, Xu, Xu, Xu, Xu, Urb, Urb, Urb, Urb, Urb, Urb, Urb, Urb, Urb, Urb, Urb, Urb, Urb, Urb, Urb, Urb, Urb, Urb, Urb, Xu, Xu, Xu, Xu, Xu, Xu
Xu, Xu, Xu, Ql, Urb, Urb, Ql, Ql, Ql, Ql, Ql, Ql, Ql, Ql, Xu, Urb, Urb, Ql, Ql, Ql, Ql, Ql, Ql, Ql, Xu, Xu, Ql, Ql, Ql, Ql, Ql, Ql, Ql, Ql, Urb, Urb, Urb, Ql, Ql, Ql, Ql, Ql, Xu, Xu, Urb, Xu, Urb, Xu, Urb, Xu, Urb, Qlf, Qlf, Xu, Xu, Xu, Urb, Urb, Urb, Urb, Xu, Ql, Ql, Ql, Urb, Ql, Ql, Ql, Xu, Xu, Xu, Xu, Xu, Xu, Xu, Urb, Urb, Urb, Urb, Urb, Urb, Urb, Urb, Urb, Urb, Urb, Urb, Urb, Urb, Urb, Urb, Urb, Xu, Xu, Xu, Xu, Xu, Xu, Xu
Xu, Xu, Xu, Urb, Urb, Ql, Ql, Ql, Ql, Ql, Ql, Ql, Ql, Ql, Urb, Urb, Urb, Ql, Xu, Ql, Ql, Ql, Ql, Ql, Ql, Xu, Xu, Xu, Xu, Ql, Ql, Ql, Ql, Ql, Urb, Urb, Urb, Ql, Ql, Ql, Ql, Ql, Ql, Xu, Ql, Urb, Ql, Xu, Xu, Urb, Xu, Qlf, Qlf, Qlf, Xu, Xu, Xu, Urb, Ql, Urb, Xu, Ql, Ql, Ql, Urb, Ql, Ql, Xu, Xu, Xu, Xu, Xu, Xu, Xu, Xu, Xu, Xu, Xu, Xu, Xu, Xu, Xu, Xu, Xu, Xu, Xu, Xu, Xu, Xu, Xu, Xu, Xu, Xu, Xu, Xu, Xu, Xu, Xu, Xu
Xu, Urb, Urb, Ql, Ql, Ql, Ql, Ql, Ql, Ql, Xu, Urb, Ql, Xu, Urb, Urb, Urb, Urb, Xu, Xu, Ql, Ql, Ql, Ql, Ql, Xu, Ql, Xu, Ql, Ql, Ql, Ql, Xu, Xu, Urb, Urb, Urb, Xu, Xu, Xu, Ql, Ql, Ql, Ql, Ql, Ql, Ql, Ql, Ql, Urb, Urb, Urb, Urb, Qlf, Xu, Xu, Xu, Xu, Ql, Ql, Ql, Ql, Xu, Ql, Urb, Ql, Xu, Xu, Xu, Xu, Xu, Xu, Xu, Xu, Xu, Xu, Xu, Xu, Xu, Xu, Xu, Xu, Xu, Xu, Xu, Xu, Xu, Xu, Xu, Xu, Xu, Xu, Xu, Xu, Xu, Xu, Xu, Xu, Xu
Xu, Xu, Urb, Ql, Ql, Ql, Ql, Ql, Ql, Ql, Xu, Xu, Urb, Urb, Xu, Urb, Urb, Ql, Ql, Ql, Ql, Ql, Ql, Ql, Ql, Ql, Ql, Ql, Ql, Ql, Ql, Ql, Ql, Xu, Urb, Urb, Urb, Xu, Xu, Xu, Xu, Ql, Ql, Ql, Ql, Ql, Ql, Ql, Ql, Urb, Xu, Xu, Urb, Xu, Xu, Xu, Xu, Xu, Xu, Xu, Xu, Xu, Urb, Urb, Urb, Urb, Xu, Xu, Xu, Xu, Xu, Xu, Xu, Xu, Xu, Xu, Xu, Xu, Xu, Xu, Xu, Xu, Xu, Xu, Xu, Xu, Xu, Xu, Xu, Xu, Xu, Xu, Xu, Xu, Xu, Xu, Xu, Xu, Xu
Xu, Urb, Urb, Urb, Urb, Ql, Ql, Ql, Ql, Ql, Urb, Urb, Ql, Ql, Urb, Urb, Urb, Urb, Urb, Urb, Urb, Ql, Urb, Ql, Ql, Ql, Ql, Ql, Xu, Ql, Ql, Ql, Urb, Ql, Urb, Urb, Xu, Urb, Xu, Xu, Ql, Ql, Ql, Ql, Ql, Ql, Ql, Ql, Ql, Ql, Xu, Urb, Urb, Urb, Urb, Urb, Urb, Xu, Urb, Urb, Urb, Urb, Urb, Urb, Urb, Urb, Urb, Xu, Urb, Xu, Xu, Xu, Xu, Xu, Xu, Xu, Xu, Xu, Xu, Xu, Xu, Xu, Xu, Xu, Xu, Xu, Xu, Xu, Xu, Xu, Xu, Xu, Xu, Xu, Xu, Xu, Xu, Xu, Xu
Xu, Ql, Ql, Urb, Ql, Ql, Ql, Ql, Ql, Ql, Urb, Xu, Ql, Ql, Xu, Urb, Urb, Urb, Urb, Urb, Urb, Urb, Urb, Urb, Urb, Urb, Urb, Urb, Urb, Urb, Urb, Urb, Urb, Urb, Urb, Urb, Urb, Xu, Urb, Xu, Urb, Ql, Urb, Urb, Urb, Urb, Urb, Urb, Xu, Xu, Xu, Urb, Urb, Urb, Urb, Urb, Urb, Urb, Xu, Urb, Xu, Urb, Xu, Urb, Xu, Xu, Urb, Urb, Urb, Urb, Xu, Xu, Xu, Xu, Xu, Xu, Xu, Xu, Xu, Xu, Xu, Xu, Xu, Xu, Xu, Xu, Xu, Xu, Xu, Xu, Xu, Xu, Xu, Xu, Xu, Xu, Xu, Xu, Xu
Xu, Ql, Ql, Ql, Xu, Ql, Ql, Ql, Ql, Ql, Urb, Xu, Ql, Ql, Xu, Xu, Urb, Urb, Urb, Urb, Urb, Urb, Urb, Urb, Urb, Urb, Urb, Urb, Urb, Urb, Urb, Urb, Urb, Urb, Urb, Xu, Xu, Urb, Urb, Urb, Urb, Urb, Urb, Urb, Urb, Urb, Urb, Urb, Urb, Urb, Urb, Urb, Urb, Urb, Urb, Urb, Urb, Xu, Xu, Xu, Xu, Xu, Xu, Xu, Xu, Xu, Xu, Xu, Xu, Urb, Urb, Urb, Urb, Xu, Urb, Xu, Urb, Xu, Xu, Xu, Xu, Xu, Xu, Xu, Xu, Xu, Xu, Xu, Xu, Xu, Xu, Xu, Xu, Xu, Xu, Xu, Xu, Xu, Xu
Ql, Ql, Ql, Ql, Xu, Xu, Ql, Xu, Urb, Urb, Xu, Xu, Ql, Xu, Xu, Xu, Xu, Urb, Ql, Urb, Ql, Urb, Ql, Urb, Urb, Ql, Ql, Ql, Ql, Urb, Ql, Urb, Ql, Ql, Ql, Xu, Xu, Ql, Ql, Urb, Ql, Urb, Ql, Urb, Urb, Urb, Urb, Urb, Urb, Urb, Urb, Urb, Urb, Urb, Urb, Urb, Urb, Xu, Xu, Xu, Xu, Xu, Xu, Xu, Xu, Xu, Xu, Xu, Xu, Xu, Xu, Xu, Urb, Urb, Urb, Urb, Urb, Urb, Xu, Xu, Xu, Xu, Xu, Xu, Xu, Xu, Xu, Xu, Xu, Xu, Xu, Xu, Xu, Xu, Xu, Xu, Xu, Xu, Xu
Ql, Ql, Ql, Urb, Urb, Urb, Urb, Xu, Urb, Xu, Xu, Ql, Ql, Ql, Ql, Ql, Ql, Ql, Ql, Ql, Ql, Ql, Ql, Ql, Ql, Ql, Ql, Ql, Ql, Ql, Ql, Ql, Ql, Ql, Ql, Xu, Ql, Ql, Ql, Ql, Ql, Ql, Ql, Ql, Ql, Urb, Ql, Urb, Urb, Urb, Xu, Xu, Xu, Urb, Urb, Urb, Xu, Xu, Xu, Xu, Xu, Xu, Xu, Xu, Xu, Xu, Xu, Xu, Xu, Xu, Xu, Xu, Xu, Urb, Urb, Urb, Urb, Xu, Xu, Xu, Xu, Xu, Xu, Xu, Xu, Xu, Xu, Xu, Xu, Xu, Xu, Xu, Xu, Xu, Xu, Xu, Xu, Xu, Xu
Xu, Xu, Xu, Urb, Urb, Urb, Urb, Urb, Xu, Ql, Ql, Ql, Ql, Ql, Ql, Ql, Xu, Xu, Ql, Ql, Xu, Ql, Ql, Ql, Ql, Ql, Ql, Ql, Ql, Ql, Ql, Ql, Ql, Ql, Xu, Ql, Ql, Ql, Ql, Ql, Ql, Ql, Ql, Ql, Ql, Ql, Ql, Ql, Ql, Urb, Xu, Xu, Xu, Xu, Xu, Xu, Xu, Xu, Xu, Xu, Xu, Xu, Xu, Xu, Xu, Xu, Xu, Xu, Xu, Xu, Xu, Xu, Xu, Xu, Xu, Urb, Xu, Xu, Xu, Xu, Xu, Xu, Xu, Xu, Xu, Xu, Xu, Xu, Xu, Xu, Xu, Xu, Xu, Xu, Xu, Xu, Xu, Xu, Xu
Xu, Xu, Xu, Xu, Xu, Xu, Xu, Xu, Xu, Xu, Xu, Ql, Ql, Ql, Ql, Ql, Ql, Ql, Ql, Xu, Xu, Xu, Ql, Ql, Ql, Ql, Ql, Ql, Ql, Ql, Xu, Xu, Xu, Xu, Xu, Xu, Xu, Ql, Ql, Ql, Ql, Ql, Ql, Ql, Ql, Ql, Ql, Ql, Xu, Xu, Xu, Xu, Xu, Xu, Xu, Xu, Xu, Xu, Xu, Xu, Xu, Xu, Xu, Xu, Xu, Xu, Xu, Xu, Xu, Xu, Xu, Xu, Xu, Xu, Xu, Xu, Xu, Xu, Xu, Xu, Xu, Xu, Xu, Xu, Xu, Xu, Xu, Xu, Xu, Xu, Xu, Xu, Xu, Xu, Xu, Xu, Xu, Xu, Xu
