Gg, Gg, Gg, Gg, Gg, Gg, Gg, Gg, Gg, Gg, Gg, Gg, Gg, Rrc, Rrc, Gg, Gg, Gg, Gs^Fds, Gg, Gg, Gg, Gg, Gs^Fds, Gs^Fds, Gg, Gg, Gg, Rrc, Gg, Gg, Gg, Gs^Fds, Gs^Fds, Gs^Fds, Gg, Wo, Gg, Gs^Fds, Gg, Gg, Gg, Rrc, Rrc, Gg, Gg, Gg, Gg, Gs^Fds, Gg, Gg, Gg, Gs^Fds, Gs^Fds, Gs^Fds, Gg, Gg, Gg
Gs^Fds, Gs^Fds, Gg, Gg, Gs^Fds, Gg, Gs^Fds, Gs^Fds, Gs^Fds, Gg, Gg, Gg, Gg, Gg, Rrc, Gg, Wo, Gs^Fds, Wo, Wo, Wo, Wo, Wo, Wo, Wo, Wo, Wo, Wo, Wo^Bsb|, Wo, Wo, Wo, Wo, Wo, Wo, Wo, Wo, Wo, Wo, Wo, Wo, Gg, Rrc, Gg, Gg, Gg, Gg, Gg, Gs^Fds, Gs^Fds, Gs^Fds, Gg, Gs^Fds, Gs^Fds, Gs^Fds, Gg, Gg, Gg
Gg, Gs^Fds, Gg, Gg, Gs^Fds, Gs^Fds, Gg, Gg, Gg, Gg, Gs^Fds, Gs^Fds, Gs^Fds, Gg, Wo^Bsb|, Wo, Wo, Wo, Wo, Wo, Wo, Wo, Wo, Wo, Wo, Wo, Wo, Wo, Wo^Bsb|, Wo, Wo, Wo, Wo, Wo, Wo, Wo, Wo, Wo, Wo, Wo, Wo, Wo, Wo^Bsb|, Gg, Gg, Gg, Gg, Gs^Fds, Gg, Gs^Fds, Gs^Fds, Gs^Fds, Gg, Gg, Gg, Gg, Gg, Gg
Gg, Gg, Gg, Gs^Fds, Gg, Gs^Fds, Gg, Gs^Fds, Gs^Fds, Gg, Gg, Gs^Fds, Wo, Wo, Rrc, Wo, Wo, Wo, Ch^Xo, Wo, Ch^Xo, Wo, Ch^Xo, Wo, Ch^Xo, Wo, Ch^Xo, Wo, Wo^Bsb|, Wo, Ch^Xo, Wo, Ch^Xo, Wo, Ch^Xo, Wo, Ch^Xo, Wo, Ch^Xo, Wo, Wo, Wo, Rrc, Wo, Wo, Gg, Gg, Gg, Gg, Gg, Gg, Gg, Gg, Gs^Fds, Gg, Gg, Gs^Fds, Gs^Fds
Gg, Gg, Gs^Fds, Gg, Gg, Gg, Gg, Gg, Gg, Gg, Wo, Wo, Wo, Wo, Wo, Wo^Bsb\, Rrc^Xo, Kh^Xo, Gs^Fds, Ch^Xo, Gg, Ch^Xo, Gs^Fds, Ch^Xo, Gg, Ch^Xo, Gll^Fp, Kh^Xo, Rrc^Xo, Kh^Xo, Gg, Ch^Xo, Gg, Ch^Xo, Gg, Ch^Xo, Gg, Ch^Xo, Gg, Kh^Xo, Rrc^Xo, Wo^Bsb/, Wo, Wo, Wo, Wo, Wo, Gs^Fds, Gs^Fds, Gg, Gg, Gg, Gg, Gg, Gs^Fds, Gs^Fds, Gs^Fds, Gg
Gg, Gg, Gs^Fds, Gs^Fds, Gg, Gs^Fds, Gs^Fds, Gg, Wo, Wo, Wo, Wo, Wo, Wo, Ch^Xo, Kh^Xo, Gg^Emf, Rrc, Rr^Vhc, Gll^Fp, Gg, Gll^Fp, Gg, Gg, Gg^Emf, Gs^Fds, Gg, Gg, Rrc, Gg, Gg, Gg, Gg, Gg, Gg, Gg, Gg, Gg, Rr^Vhc, Rrc, Gg, Kh^Xo, Ch^Xo, Wo, Wo, Wo, Wo, Wo, Wo, Gs^Fds, Gs^Fds, Gg, Gg, Gg, Gg, Gs^Fds, Gs^Fds, Gg
Gg, Gg, Gg, Gs^Fds, Gg, Gg, Wo, Wo, Wo, Wo, Wo, Wo, Ch^Xo, Ch^Xo, Gg^Emf, Gg, Gg^Fet, Rrc, Rrc, Gg^Fet, Gg, Gs^Fds, Gg^Emf, Gll^Fp, Gs^Fds, Gg, Gs^Fds, Rr^Vhc, Rrc, Gg^Fet, Gg, Gg, Gg, Gg, Gg, Gg, Gg, Gg^Fet, Rrc, Rrc, Gg^Fet, Gg, Gs^Fds, Ch^Xo, Ch^Xo, Wo, Wo, Wo, Wo, Wo, Wo, Gg, Gg, Gg, Gs^Fds, Gs^Fds, Gg, Gg
Gg, Gg, Gg, Gg, Wo, Wo, Wo, Wo, Wo, Wo, Ch^Xo, Ch^Xo, Gs^Fds, Gg^Emf, Gg, Gg^Emf, Gg^Emf, Rr^Vhc, Rrc, Rr^Vhc, Rrc, Gg, Rrc, Gs^Fds, Rrc, Gs^Fds, Rrc, Gg^Fet, Rrc, Rr^Vhc, Rrc, Gg, Rrc, Gg, Rrc, Gg, Rrc, Rr^Vhc, Rrc, Rr^Vhc, Gs^Fds, Gs^Fds, Gs^Fds, Gs^Fds, Gs^Fds, Ch^Xo, Ch^Xo, Wo, Wo, Wo, Wo, Wo, Wo, Gg, Gg, Gg, Gg, Gg
Rrc, Gg, Wo, Wo, Wo, Wo, Wo, Wo, Ch^Xo, Ch^Xo, Gs^Fds, Gg, Gll^Fp, Gll^Fp, Gg, Gs^Fds, Gg, Rrc, Rr^Vhc, Rrc, Rr^Vhc, Rrc, Gs^Fds, Rrc, Gs^Fds, Rrc, Gs^Fds, Rrc, Rrc, Rrc, Gg, Rrc, Gg, Rrc, Gg, Rrc, Rr^Vhc, Rrc, Rr^Vhc, Rrc, Gg, Gg, Gg, Gs^Fds, Gg, Gs^Fds, Gs^Fds, Ch^Xo, Ch^Xo, Wo, Wo, Wo, Wo, Wo, Gg, Gg, Rrc, Rrc
Gg, Rrc, Wo^Bsb\, Wo, Wo, Wo, Ch^Xo, Ch^Xo, Gg^Emf, Gs^Fds, Gg, Gg^Emf, Gg, Rrc, Rrc, Rrc, Rrc, Rrc, Gg^Fet, Rrc, Rrc, Gg^Fet, Gs^Fds, Gll^Fp, Gg, Gg, Gg^Emf, Gg^Fet, Rrc, Rr^Vhc, Gg, Gg, Gg, Gg, Gg, Gg^Fet, Rrc, Rrc, Gg^Fet, Rrc, Rrc, Gs^Fds, Gg, Gs^Fds, Gg, Gg, Gs^Fds, Gg, Gg, Ch^Xo, Ch^Xo, Wo, Wo, Wo, Wo^Bsb/, Rrc, Gg, Gg
Gg, Wo, Wo, Wo^Bsb\, Wo^Bsb\, Kh^Xo, Gg, Gg^Emf, Gs^Fds, Gg^Emf, Gg, Gll^Fp, Gs^Fds, Gg^Emf, Gs^Fds, Gll^Fp, Rrc, Gg^Emf, Gs^Fds, Rr^Vhc, Rrc, Rr^Vhc, Gg^Fet, Gg, Gs^Fds, Gll^Fp, Gs^Fds, Rr^Vhc, Rrc, Gg^Fet, Gg, Gg, Gg, Gg, Gg^Fet, Rr^Vhc, Rrc, Rr^Vhc, Gg, Gg, Rrc, Gs^Fds, Gs^Fds, Gg, Gs^Fds, Gs^Fds, Gs^Fds, Gg, Gg, Gg, Gg, Kh^Xo, Wo^Bsb/, Wo^Bsb/, Wo, Gg, Gg, Gg
Gg, Wo, Wo, Wo, Kh^Xo, Rrc^Xo, Rrc, Gg^Fet, Rr^Vhc, Gs^Fds, Gg^Emf, Gs^Fds, Gg^Emf, Gg^Emf, Gg, Rrc, Gs^Fds, Gg^Emf, Gs^Fds, Gg^Fet, Rr^Vhc, Rrc, Rr^Vhc, Gg, Gg^Emf, Gg^Emf, Gg, Gg^Fet, Rrc, Rr^Vhc, Gg, Gg, Gg, Gg, Rr^Vhc, Rrc, Rr^Vhc, Gg^Fet, Gg, Gg, Gg, Rrc, Gg, Gs^Fds, Gs^Fds, Gs^Fds, Gg, Gg, Rr^Vhc, Gg^Fet, Rrc, Rrc^Xo, Kh^Xo, Wo, Wo, Wo, Gg, Gg
Gs^Fds, Wo, Wo, Wo, Ch^Xo, Gg, Rr^Vhc, Rrc, Rrc, Gg^Fet, Rr^Vhc, Gg, Gs^Fds, Gg^Emf, Rrc, Rrc, Gll^Fp, Gg^Emf, Gg^Emf, Gg^Emf, Gg^Fet, Rrc, Rrc, Gg^Fet, Gg, Gs^Fds, Gg^Emf, Rr^Vhc, Rrc, Gg^Fet, Gg, Gg, Gg, Gg^Fet, Rrc, Rrc, Gg^Fet, Gg, Gg, Gg, Gg, Rrc, Rrc, Gs^Fds, Gg, Gg, Rr^Vhc, Gg^Fet, Rrc, Rrc, Rr^Vhc, Gg, Ch^Xo, Wo, Wo, Wo, Gs^Fds, Gg
Gg, Wo, Wo, Wo, Ch^Xo, Gg, Gg, Gg^Fet, Rr^Vhc, Rrc, Rrc, Gg^Fet, Rr^Vhc, Gg, Rrc, Gs^Fds, Gg^Emf, Gg, Gg, Gll^Fp, Gg, Rr^Vhc, Rrc, Rr^Vhc, Gg^Fet, Gll^Fp, Gll^Fp, Gg^Fet, Rrc, Rr^Vhc, Gg, Gg, Gg^Fet, Rr^Vhc, Rrc, Rr^Vhc, Gg, Gg, Gg, Gg, Gg, Gg, Rrc, Gg, Rr^Vhc, Gg^Fet, Rrc, Rrc, Rr^Vhc, Gg^Fet, Gg, Gg, Ch^Xo, Wo, Wo, Wo, Gs^Fds, Gg
Gg, Wo, Wo, Wo, Ch^Xo, Gg, Gg, Gg, Gg, Gg^Fet, Rr^Vhc, Rrc, Rrc, Rrc, Rr^Vhc, Gg, Gs^Fds, Gs^Fds, Gs^Fds, Gg^Emf, Gg^Emf, Gg^Fet, Rr^Vhc, Rrc, Gll^Fp, Gs^Fds, Rrc, Rrc, Rrc, Rrc, Rrc, Gg, Gg, Rrc, Rr^Vhc, Gg^Fet, Gg, Gg, Gg, Gg, Gg, Gg, Rr^Vhc, Rrc, Rrc, Rrc, Rr^Vhc, Gg^Fet, Gg, Gg, Gg, Gg, Ch^Xo, Wo, Wo, Wo, Gg, Gg
Gg, Wo, Wo, Wo, Ch^Xo, Gg, Gg, Gg, Gg, Gg, Gg, Gg^Fet, Rrc, Rrc, Rrc, Gg^Fet, Rr^Vhc, Gll^Fp, Gg^Emf, Gs^Fds, Gg, Gs^Fds, Gs^Fds, Rrc, Rrc, Rrc, Wot, Wot, Wot^Bsb|, Wot, Wot, Rrc, Rrc, Rrc, Gg, Gg, Gg, Gg, Gg, Gg, Rr^Vhc, Gg^Fet, Rrc, Rrc, Rrc, Gg^Fet, Gg, Gg, Gg, Gg, Gg, Gg, Ch^Xo, Wo, Wo, Wo, Gg, Gg
Gg, Wo, Wo, Wo, Ch^Xo, Gg, Gg, Gg, Gg, Gg, Gg, Gg, Rrc, Gg^Fet, Rr^Vhc, Rrc, Rrc, Gg^Fet, Rr^Vhc, Gg^Emf, Gs^Fds, Gll^Fp, Rrc, Rrc, Wot, Wot, Wot, Wot, Wot^Bsb|, Wot, Wot, Wot, Wot, Rrc, Rrc, Gg, Gg, Gg, Rr^Vhc, Gg^Fet, Rrc, Rrc, Rr^Vhc, Gg^Fet, Rrc, Gg, Gs^Fds, Gg, Gs^Fds, Gs^Fds, Gg, Gg, Ch^Xo, Wo, Wo, Wo, Gg, Gg
Gg, Wo, Wo, Wo, Ch^Xo, Gg, Gg, Gg, Gg, Gg, Gg, Gg, Rrc, Gg, Gg, Gg^Fet, Rr^Vhc, Rrc, Rrc, Gg^Fet, Rr^Vhc, Rrc, Wot, Wot, Wot, Wot, Ch, Ch, Rrc, Ch, Ch, Wot, Wot, Wot, Wot, Rrc, Rr^Vhc, Gg^Fet, Rrc, Rrc, Rr^Vhc, Gg^Fet, Gg, Gg, Rrc, Gg, Gs^Fds, Gs^Fds, Gs^Fds, Gs^Fds, Gs^Fds, Gg, Ch^Xo, Wo, Wo, Wo, Gs^Fds, Gs^Fds
Gs^Fds, Wo, Wo, Wo, Ch^Xo, Gg, Gg, Gg, Gg, Gg, Gg, Gg, Rrc, Gg, Gg, Gg, Gg, Gg^Fet, Rr^Vhc, Rrc, Rrc, Rrc, Wot, Wot, Ch, Ch, Rrc, Rrc, Rrc, Rrc, Rrc, Ch, Ch, Wot, Wot, Rrc, Rrc, Rrc, Rr^Vhc, Gg^Fet, Gg, Gg, Gg, Gg, Rrc, Rrc, Rrc, Gd, Gd, Gs^Fds, Gs^Fds, Gg, Ch^Xo, Wo, Wo, Wo, Gs^Fds, Gs^Fds
Gs^Fds, Wo, Wo, Wo, Ch^Xo, Gg, Gg, Gg, Gg, Gg, Gg, Gg, Rrc, Gg, Gg, Gg, Gg, Gg, Gg, Gg^Fet, Rr^Vhc, Rrc, Wot^Bsb\, Wot, Ch, Rrc, Kh, Ch, Rrc, Ch, Kh, Rrc, Ch, Wot, Wot^Bsb/, Rrc, Gg, Gg^Fet, Gg, Gg, Gg, Gg, Gg, Gg, Rrc, Gs^Fds, Gs^Fds, Gd, Rd, Gd, Gs^Fds, Gs^Fds, Ch^Xo, Wo, Wo, Wo, Gg, Gs^Fds
Gs^Fds, Wo, Wo, Wo, Ch^Xo, Gg, Gg, Gg, Gg, Gg, Gg, Gg, Rrc, Gg, Gg, Gg, Gg, Gg, Gg, Gg, Gg, Rrc, Wot, Wot^Bsb\, Rrc, Rrc, Ch, Rrc, Kh, Rrc, Ch, Rrc, Rrc, Wot^Bsb/, Wot, Rrc, Gg, Gg, Gg, Gg, Gg, Gg, Gg, Gg, Rrc, Gs^Fds, Gd, Rd, Rd, Gd, Gs^Fds, Gs^Fds, Ch^Xo, Wo, Wo, Wo, Gs^Fds, Gg
Gg, Wo, Wo, Wo, Ch^Xo, Gg, Gg, Gg, Gg, Gg, Gg, Gg, Rrc, Gg, Gg, Gg, Gg, Gg, Gg, Gg, Gg^Fet, Rrc, Wot^Bsb/, Wot^Bsb/, Ch, Rrc, Kh, Rrc, Rrc, Rrc, Kh, Rrc, Ch, Wot^Bsb\, Wot^Bsb\, Rrc, Gg^Fet, Gg, Gg, Gg, Gg, Gg, Gg, Gg, Rrc, Gs^Fds, Rd, Rd, Rd, Rd, Gs^Fds, Gs^Fds, Ch^Xo, Wo, Wo, Wo, Gg, Gs^Fds
Gg, Wo, Wo, Wo, Ch^Xo, Gg, Gg, Gg, Gg, Gg, Gg, Gg, Rrc, Gg, Gg, Gg, Gg, Gg, Gg^Fet, Rr^Vhc, Rrc, Rrc, Wot, Wot, Ch, Rrc, Rrc, Ch, Rrc, Ch, Rrc, Rrc, Ch, Wot, Wot, Rrc, Rrc, Rr^Vhc, Gg^Fet, Gg, Gg, Gg, Gg, Gg, Rrc, Gs^Fds, Gs^Fds, Rd, Gs^Fds, Gd, Gs^Fds, Gg, Ch^Xo, Wo, Wo, Wo, Gs^Fds, Gg
Gs^Fds, Wo, Wo, Wo, Ch^Xo, Gg, Gg, Gg, Gg, Gg, Gg, Gg, Rrc, Gg, Gg, Gg, Gg^Fet, Rr^Vhc, Rrc, Rrc, Gg^Fet, Rrc, Wot, Wot, Wot, Ch, Ch, Rrc, Rrc, Rrc, Ch, Ch, Wot, Wot, Wot, Rrc, Gg^Fet, Rrc, Rrc, Gs^Vh, Gg^Fet, Gg, Gg, Gg, Rrc, Gs^Fds, Gs^Fds, Gs^Fds, Gs^Fds, Gs^Fds, Gg, Gg, Ch^Xo, Wo, Wo, Wo, Gg, Gg
Gg, Wo, Wo, Wo, Ch^Xo, Gg, Gg, Gg, Gg, Gg, Gg, Gg, Rrc, Gg, Gg^Fet, Rr^Vhc, Rrc, Rrc, Gg^Fet, Rr^Vhc, Gg, Rrc, Rrc, Wot, Wot, Wot, Wot, Ch, Wot^Bsb|, Ch, Wot, Wot, Wot, Wot, Rrc, Rrc, Gg, Gs^Vh, Gg^Fet, Rrc, Rrc, Rr^Vhc, Gg^Fet, Gg, Rrc, Gg, Gs^Fds, Gs^Fds, Gs^Fds, Gs^Fds, Gg, Gg, Ch^Xo, Wo, Wo, Wo, Gs^Fds, Gg
Gg, Wo, Wo, Wo, Ch^Xo, Gg, Gg, Gg, Gg, Gg, Gg, Gg, Rrc, Rr^Vhc, Rrc, Rrc, Gg^Fet, Rr^Vhc, Gg, Gg, Gg, Gg, Gg, Rrc, Rrc, Wot, Wot, Wot, Wot^Bsb|, Wot, Wot, Wot, Rrc, Rrc, Gg, Gg, Gg, Gg, Gg, Gs^Vh, Gg^Fet, Rrc, Rrc, Gs^Vh, Rrc, Gg, Gg, Gg, Gg, Gg, Gg, Gg, Ch^Xo, Wo, Wo, Wo, Gs^Fds, Gg
Gg, Wo, Wo, Wo, Ch^Xo, Gg, Gg, Gg, Gg, Gg, Gg^Fet, Rr^Vhc, Rrc, Rrc, Rrc, Rr^Vhc, Gg, Gg, Gg, Gg, Gg, Gg, Rr^Vhc, Rrc, Gg, Rrc, Rrc, Wot, Rrc, Wot, Rrc, Rrc, Rr^Vhc, Rrc, Gs^Vh, Gg, Gg, Gg, Gg, Gg, Gg, Gs^Vh, Gg^Fet, Rrc, Rrc, Rr^Vhc, Gg^Fet, Gg, Gg, Gg, Gg, Gg, Ch^Xo, Wo, Wo, Wo, Gg, Gg
Gs^Fds, Wo, Wo, Wo, Ch^Xo, Gg, Gg, Gg, Gg^Fet, Rr^Vhc, Rrc, Rrc, Gg^Fet, Rr^Vhc, Rrc, Gg, Gg, Gg, Gg, Gg, Gg, Gg^Fet, Rrc, Rrc, Gg^Fet, Gg, Gg, Rrc, Rrc, Rrc, Gg, Gg, Gg^Fet, Rrc, Rrc, Gg^Fet, Gg, Gg, Gg, Gg, Gg, Gg, Rrc, Rrc, Rrc, Rrc, Rrc, Gs^Vh, Gg^Fet, Gg, Gg, Gg, Ch^Xo, Wo, Wo, Wo, Gg, Gg
Gs^Fds, Wo, Wo, Wo, Ch^Xo, Gg, Gg^Fet, Rr^Vhc, Rrc, Rrc, Gg^Fet, Rr^Vhc, Gg, Gg, Rrc, Gg, Gg, Gg^Ii, Gg, Gg, Gg^Fet, Gs^Vh, Rrc, Gs^Vh, Gg, Gg, Gg, Rr^Vhc, Rrc, Gg^Fet, Gg, Gg, Gg, Gs^Vh, Rrc, Rr^Vhc, Gg^Fet, Gg, Gg, Gg, Gg, Gg, Rrc, Gg, Gg, Rr^Vhc, Gg^Fet, Rrc, Rrc, Gs^Vh, Gg^Fet, Gg, Ch^Xo, Wo, Wo, Wo, Gg, Gg
Gg, Wo, Wo, Wo, Kh^Xo, Gg, Rrc, Rrc, Gg^Fet, Rr^Vhc, Gg, Gs^Fds, Gs^Fds, Gs^Fds, Gs^Fds, Rrc, Gg, Gg, Gg, Gg, Rr^Vhc, Rrc, Gs^Vh, Gg^Fet, Gg, Gg, Gg, Gg^Fet, Rrc, Gs^Vh, Gg, Gg, Gg, Gg^Fet, Gs^Vh, Rrc, Gs^Vh, Gg, Gg, Gg, Gg, Rrc, Gg, Gg, Gg, Gg, Gg, Gs^Vh, Gg^Fet, Rrc, Rrc, Gg, Kh^Xo, Wo, Wo, Wo, Gg, Gg
Gg, Wo, Wo, Wo, Wo^Bsb/, Rrc^Xo, Gg, Rr^Vhc, Gg, Gg, Gs^Fds, Gs^Fds, Rrc, Gs^Fds, Rrc, Rrc, Rrc, Gg, Gg, Gg^Fet, Rrc, Rrc, Gg^Fet, Gg, Gg, Gg, Gg, Gs^Vh, Rrc, Gg^Fet, Gg, Gg, Gg, Gg, Gg^Fet, Rrc, Rrc, Gg^Fet, Gg, Gg, Rrc, Rrc, Gg, Gg, Gg, Gg, Gg, Gg, Gg, Gs^Vh, Gg, Rrc^Xo, Wo^Bsb\, Wo, Wo, Wo, Gg, Gg
Gg, Wo, Wo^Bsb/, Wo^Bsb/, Wo, Kh^Xo, Ch^Xo, Gg, Gg, Gs^Fds, Gs^Fds, Rrc, Rrc, Rrc, Gs^Fds, Gs^Fds, Rrc, Gg, Gg^Fet, Gs^Vh, Rrc, Rr^Vhc, Gg, Gg, Gg, Gg, Gg, Gg^Fet, Rrc, Rr^Vhc, Gg, Gg, Gg, Gg, Gg, Rr^Vhc, Rrc, Rr^Vhc, Gg^Fet, Gg, Rrc, Gg, Gg, Gg, Gg, Gg, Gg, Gg, Gg, Gg, Ch^Xo, Kh^Xo, Wo, Wo^Bsb\, Wo^Bsb\, Wo, Gg, Gg
Rrc, Rrc, Wo, Wo, Wo, Wo, Wo, Ch^Xo, Ch^Xo, Gg, Gs^Fds, Rrc, Rrc, Rrc, Gs^Fds, Gs^Fds, Gg, Rrc, Gs^Vh, Rrc, Gs^Vh, Gg^Fet, Gg, Gg, Gg, Gg, Gg, Gs^Vh, Rrc, Gg^Fet, Gg, Gg, Gg, Gg, Gg, Gg^Fet, Gs^Vh, Rrc, Gs^Vh, Rrc, Gg, Gg, Gg, Gg, Gg, Gg, Gg, Gg, Ch^Xo, Ch^Xo, Wo, Wo, Wo, Wo, Wo, Rrc, Rrc, Gg
Gg, Gg, Gs^Fds, Wo, Wo, Wo, Wo, Wo, Wo, Ch^Xo, Ch^Xo, Gs^Fds, Gs^Fds, Gs^Fds, Gs^Fds, Gg, Gg, Rrc, Rrc, Rrc, Rrc, Gg, Rrc, Gg, Rrc, Gg, Rrc, Gg^Fet, Rrc, Gs^Vh, Rrc, Gg, Rrc, Gg, Rrc, Gg, Rrc, Rrc, Rrc, Rrc, Gg, Gg, Gg, Gg, Gg, Gg, Ch^Xo, Ch^Xo, Wo, Wo, Wo, Wo, Wo, Wo, Gg, Gg, Gg, Rrc
Gg, Gs^Fds, Gs^Fds, Gg, Gg, Wo, Wo, Wo, Wo, Wo, Wo, Ch^Xo, Ch^Xo, Gs^Fds, Gg, Gg, Gg^Fet, Gs^Vh, Rrc, Gs^Vh, Gg, Rrc, Gg, Rrc, Gg, Rrc, Gg, Rrc, Rrc, Rrc, Gg, Rrc, Gg, Rrc, Gg, Rrc, Gg, Gs^Vh, Rrc, Gs^Vh, Gg^Fet, Gg, Gg, Gg, Ch^Xo, Ch^Xo, Wo, Wo, Wo, Wo, Wo, Wo, Gg, Gg, Gg, Gg, Gg, Gg
Gg, Gg, Gg, Gg, Gs^Fds, Gs^Fds, Gg, Wo, Wo, Wo, Wo, Wo, Wo, Ch^Xo, Ch^Xo, Gg, Gg, Rrc, Gs^Vh, Gg^Fet, Gg, Gg, Gg, Gg, Gg, Gg, Gg, Gg^Fet, Rrc, Gs^Vh, Gg, Gg, Gg, Gg, Gg, Gg, Gg, Gg^Fet, Gs^Vh, Rrc, Gg, Gg, Ch^Xo, Ch^Xo, Wo, Wo, Wo, Wo, Wo, Wo, Gg, Gg, Gg, Gg, Gg, Gg, Gg, Gg
Gg, Gg, Gg, Gg, Gg, Gs^Fds, Gs^Fds, Gg, Gg, Wo, Wo, Wo, Wo, Wo, Wo, Kh^Xo, Rrc^Xo, Rrc, Gg, Gg, Gg, Gg, Gg, Gg, Gg, Gg, Gg, Gg, Rrc^Xo, Gg, Gg, Gg, Gg, Gg, Gg, Gg, Gg, Gg, Gg, Rrc, Rrc^Xo, Kh^Xo, Wo, Wo, Wo, Wo, Wo, Wo, Gs^Fds, Gg, Gg, Gg, Gg, Gs^Fds, Gg, Gg, Gg, Gg
Gg, Gg, Gs^Fds, Gg, Gg, Gg, Gg, Gs^Fds, Gs^Fds, Gg, Gg, Wo, Wo, Wo, Rrc, Wo^Bsb/, Wo, Kh^Xo, Ch^Xo, Ch^Xo, Ch^Xo, Ch^Xo, Ch^Xo, Ch^Xo, Ch^Xo, Ch^Xo, Ch^Xo, Kh^Xo, Wo^Bsb|, Kh^Xo, Ch^Xo, Ch^Xo, Ch^Xo, Ch^Xo, Ch^Xo, Ch^Xo, Ch^Xo, Ch^Xo, Ch^Xo, Kh^Xo, Wo, Wo^Bsb\, Rrc, Wo, Wo, Wo, Gg, Gg, Gg, Gg, Gg, Gg, Gs^Fds, Gs^Fds, Gg, Gg, Gs^Fds, Gs^Fds
Gg, Gs^Fds, Gs^Fds, Gs^Fds, Gs^Fds, Gg, Gg, Gs^Fds, Gs^Fds, Gg, Gs^Fds, Gs^Fds, Gg, Wo, Wo^Bsb|, Wo, Wo, Wo, Wo, Wo, Wo, Wo, Wo, Wo, Wo, Wo, Wo, Wo, Wo^Bsb|, Wo, Wo, Wo, Wo, Wo, Wo, Wo, Wo, Wo, Wo, Wo, Wo, Wo, Wo^Bsb|, Wo, Gg, Gg, Gg, Gg, Gg, Gg, Gs^Fds, Gs^Fds, Gs^Fds, Gg, Gg, Gg, Gs^Fds, Gg
Gs^Fds, Gs^Fds, Gg, Gg, Gg, Gg, Gg, Gg, Gg, Gg, Gg, Gg, Gg, Gg, Rrc, Wo, Wo, Wo, Wo, Wo, Wo, Wo, Wo, Wo, Wo, Wo, Wo, Wo, Wo^Bsb|, Wo, Wo, Wo, Wo, Wo, Wo, Wo, Wo, Wo, Wo, Wo, Wo, Wo, Rrc, Gg, Gg, Gg, Gg, Gs^Fds, Gs^Fds, Gg, Gg, Gs^Fds, Gg, Gs^Fds, Gs^Fds, Gg, Gs^Fds, Gs^Fds
Gs^Fds, Gs^Fds, Gg, Gg, Gg, Gs^Fds, Gs^Fds, Gg, Gg, Gg, Gg, Gs^Fds, Gg, Gg, Rrc, Gg, Gg, Wo, Gg, Wo, Gg, Wo, Gg, Wo, Gg, Wo, Gg, Wo, Rrc, Wo, Gg, Wo, Gg, Wo, Gg, Wo, Gg, Wo, Gg, Wo, Gg, Gg, Rrc, Gg, Gg, Gg, Gs^Fds, Gg, Gs^Fds, Gg, Gg, Gg, Gs^Fds, Gg, Gg, Gs^Fds, Gg, Gs^Fds
Gg, Gg, Gg, Gs^Fds, Gg, Gg, Gg, Gg, Gg, Gg, Gg, Gg, Gg, Rrc, Gg, Gg, Gg, Gg, Gs^Fds, Gs^Fds, Gs^Fds, Gs^Fds, Gg, Gg, Gg, Gg, Gg, Gg, Rrc, Gg, Gg, Gg, Gg, Gg, Gg, Gs^Fds, Gs^Fds, Gs^Fds, Gg, Gg, Gg, Gg, Gg, Rrc, Gg, Gg, Gg, Gs^Fds, Gg, Gg, Gg, Gg, Gs^Fds, Gs^Fds, Gs^Fds, Gs^Fds, Gs^Fds, Gg
