Qxu^_fme, Qxu^_fme, Qxu^_fme, Qxu^_fme, Qxu^_fme, Qxu^_fme, Qxu^_fme, Qxu^_fme, Ql^_fme, Qxu^_fme, Qxu^_fme, Qxu^_fme, Qxu^_fme, Qxu^_fme, Qxu^_fme, Qxu^_fme, Qxu^_fme
Qxu^_fme, Qxu^_fme, Qxu^_fme, Qxu^_fme, Qxu^_fme, Qxu^_fme, Ql^_fme, Ql^_fme, Ql, Ql^_fme, Ql^_fme, Qxu^_fme, Qxu^_fme, Qxu^_fme, Qxu^_fme, Qxu^_fme, Qxu^_fme
Qxu^_fme, Qxu^_fme, Qxu^_fme, Qxu^_fme, Ql^_fme, Ql^_fme, Ql, Ql, Kh, Ql, Ql, Ql^_fme, Ql^_fme, Qxu^_fme, Qxu^_fme, Qxu^_fme, Qxu^_fme
Qxu^_fme, Qxu^_fme, Ql^_fme, Ql^_fme, Ql, Ql, Ql, Ql, Urb, Ql, Ql, Ql, Ql, Ql^_fme, Ql^_fme, Qxu^_fme, Qxu^_fme
Ql^_fme, Ql^_fme, Ql, Ql, Ql, Ql, Urb, Urb, Urb, Urb, Urb, Ql, Ql, Ql, Ql, Ql^_fme, Ql^_fme
Ql^_fme, Ql, Kh, Ql, Urb, Urb, Urb, Urb, Urb, Urb, Urb, Urb, Urb, Ql, Kh, Ql, Ql
Ql, Ql, Ql, Urb, Urb, Urb, Urb, Urb, Urb, Urb, Urb, Urb, Urb, Urb, Ql, Ql, Ql
Ql, Ql, Ql, Urb, Urb, Urb, Urb, Urb, Urb, Urb, Urb, Urb, Urb, Urb, Ql, Ql, Ql
Ql, Ql, Ql, Urb, Urb, Urb, Urb, Urb, Kh, Urb, Urb, Urb, Urb, Urb, Ql, Ql, Ql
Ql, Ql, Ql, Urb, Urb, Urb, Urb, Urb, Urb, Urb, Urb, Urb, Urb, Urb, Ql, Ql, Ql
Ql, Ql, Ql, Urb, Urb, Urb, Urb, Urb, Urb, Urb, Urb, Urb, Urb, Urb, Ql, Ql, Ql^_fme
Ql, Ql, Kh, Urb, Urb, Urb, Urb, Urb, Urb, Urb, Urb, Urb, Urb, Urb, Kh, Ql, Ql^_fme
Ql^_fme, Ql, Ql, Ql, Ql, Urb, Urb, Urb, Urb, Urb, Urb, Urb, Ql, Ql, Ql, Ql, Ql^_fme
Qxu^_fme, Ql^_fme, Ql^_fme, Ql, Ql, Ql, Ql, Urb, Urb, Urb, Ql, Ql, Ql, Ql, Ql^_fme, Ql^_fme, Qxu^_fme
Qxu^_fme, Qxu^_fme, Qxu^_fme, Ql^_fme, Ql^_fme, Ql, Ql, Ql, Kh, Ql, Ql, Ql, Ql^_fme, Ql^_fme, Qxu^_fme, Qxu^_fme, Qxu^_fme
Qxu^_fme, Qxu^_fme, Qxu^_fme, Qxu^_fme, Qxu^_fme, Ql^_fme, Ql^_fme, Ql, Ql, Ql, Ql^_fme, Ql^_fme, Qxu^_fme, Qxu^_fme, Qxu^_fme, Qxu^_fme, Qxu^_fme
Qxu^_fme, Qxu^_fme, Qxu^_fme, Qxu^_fme, Qxu^_fme, Qxu^_fme, Qxu^_fme, Ql^_fme, Ql^_fme, Ql^_fme, Qxu^_fme, Qxu^_fme, Qxu^_fme, Qxu^_fme, Qxu, Qxu^_fme, Qxu^_fme
